Microsoft (R) Versão do Mecanismo de Compilação 4.8.9221.0
[Microsoft .NET Framework, Versão 4.0.30319.42000]
Copyright (C) Microsoft Corporation. Todos os direitos reservados.

Compilando os projetos desta solução um de cada vez. Para habilitar a compilação paralela, adicione a opção "/m".
Compilação de 27/06/2026 19:06:52 iniciada.
Projeto "C:\Users\Usuário\Downloads\Roblox-2013-novetus-site\RobloxWebSite.sln" no nó 1 (destinos padrão).
ValidateSolutionConfiguration:
  Compilando a configuração de solução "Debug|Any CPU".
O projeto "C:\Users\Usuário\Downloads\Roblox-2013-novetus-site\RobloxWebSite.sln" (1) está compilando "C:\Users\Usuário\Downloads\Roblox-2013-novetus-site\RobloxWebSite\Roblox.Website.csproj" (2) no nó 1 (destinos padrão).
C:\Users\Usuário\Downloads\Roblox-2013-novetus-site\RobloxWebSite\Roblox.Website.csproj(3366,3): error MSB4019: O projeto "C:\Program Files (x86)\MSBuild\Microsoft\VisualStudio\v11.0\WebApplications\Microsoft.WebApplication.targets" importado não foi encontrado. Confirme se o caminho na declaração <Import> está correto e se o arquivo existe no disco.
Projeto de compilação pronto "C:\Users\Usuário\Downloads\Roblox-2013-novetus-site\RobloxWebSite\Roblox.Website.csproj" (destinos padrão) -- FALHA.
O projeto "C:\Users\Usuário\Downloads\Roblox-2013-novetus-site\RobloxWebSite.sln" (1) está compilando "C:\Users\Usuário\Downloads\Roblox-2013-novetus-site\Assemblies\Configuration\Roblox.Configuration\Roblox.Configuration.csproj" (3) no nó 1 (destinos padrão).
O arquivo de projeto contém o ToolsVersion="15.0". Esse conjunto de ferramentas é desconhecido ou está ausente, o que talvez possa ser resolvido com a instalação da versão apropriada do MSBuild. Também é possível que a compilação tenha sido forçada para uma versão específica do ToolsVersion por motivo de política. Tratando o projeto como se tivesse o ToolsVersion="4.0". Para obter mais informações, consulte http://go.microsoft.com/fwlink/?LinkId=291333.
GenerateTargetFrameworkMonikerAttribute:
Ignorando o destino "GenerateTargetFrameworkMonikerAttribute" porque todos os arquivos de saída estão atualizados em relação aos arquivos de entrada.
CoreCompile:
Ignorando o destino "CoreCompile" porque todos os arquivos de saída estão atualizados em relação aos arquivos de entrada.
CopyFilesToOutputDirectory:
  Roblox.Configuration -> C:\Users\Usuário\Downloads\Roblox-2013-novetus-site\Assemblies\Configuration\Roblox.Configuration\bin\Debug\Roblox.Configuration.dll
Projeto de compilação pronto "C:\Users\Usuário\Downloads\Roblox-2013-novetus-site\Assemblies\Configuration\Roblox.Configuration\Roblox.Configuration.csproj" (destinos padrão).
O projeto "C:\Users\Usuário\Downloads\Roblox-2013-novetus-site\RobloxWebSite.sln" (1) está compilando "C:\Users\Usuário\Downloads\Roblox-2013-novetus-site\Assemblies\Common\Roblox.Common\Roblox.Common.csproj" (4) no nó 1 (destinos padrão).
O arquivo de projeto contém o ToolsVersion="15.0". Esse conjunto de ferramentas é desconhecido ou está ausente, o que talvez possa ser resolvido com a instalação da versão apropriada do MSBuild. Também é possível que a compilação tenha sido forçada para uma versão específica do ToolsVersion por motivo de política. Tratando o projeto como se tivesse o ToolsVersion="4.0". Para obter mais informações, consulte http://go.microsoft.com/fwlink/?LinkId=291333.
GenerateTargetFrameworkMonikerAttribute:
Ignorando o destino "GenerateTargetFrameworkMonikerAttribute" porque todos os arquivos de saída estão atualizados em relação aos arquivos de entrada.
CoreCompile:
Ignorando o destino "CoreCompile" porque todos os arquivos de saída estão atualizados em relação aos arquivos de entrada.
CopyFilesToOutputDirectory:
  Roblox.Common -> C:\Users\Usuário\Downloads\Roblox-2013-novetus-site\Assemblies\Common\Roblox.Common\bin\Debug\Roblox.Common.dll
Projeto de compilação pronto "C:\Users\Usuário\Downloads\Roblox-2013-novetus-site\Assemblies\Common\Roblox.Common\Roblox.Common.csproj" (destinos padrão).
O projeto "C:\Users\Usuário\Downloads\Roblox-2013-novetus-site\RobloxWebSite.sln" (1) está compilando "C:\Users\Usuário\Downloads\Roblox-2013-novetus-site\Assemblies\Server Class Library\Roblox Class Library\Roblox Server Class Library.csproj" (5) no nó 1 (destinos padrão).
O arquivo de projeto contém o ToolsVersion="15.0". Esse conjunto de ferramentas é desconhecido ou está ausente, o que talvez possa ser resolvido com a instalação da versão apropriada do MSBuild. Também é possível que a compilação tenha sido forçada para uma versão específica do ToolsVersion por motivo de política. Tratando o projeto como se tivesse o ToolsVersion="4.0". Para obter mais informações, consulte http://go.microsoft.com/fwlink/?LinkId=291333.
GenerateTargetFrameworkMonikerAttribute:
Ignorando o destino "GenerateTargetFrameworkMonikerAttribute" porque todos os arquivos de saída estão atualizados em relação aos arquivos de entrada.
CoreCompile:
Ignorando o destino "CoreCompile" porque todos os arquivos de saída estão atualizados em relação aos arquivos de entrada.
CopyFilesToOutputDirectory:
  Roblox Server Class Library -> C:\Users\Usuário\Downloads\Roblox-2013-novetus-site\Assemblies\Server Class Library\Roblox Class Library\bin\Debug\Roblox Server Class Library.dll
Projeto de compilação pronto "C:\Users\Usuário\Downloads\Roblox-2013-novetus-site\Assemblies\Server Class Library\Roblox Class Library\Roblox Server Class Library.csproj" (destinos padrão).
O projeto "C:\Users\Usuário\Downloads\Roblox-2013-novetus-site\RobloxWebSite.sln" (1) está compilando "C:\Users\Usuário\Downloads\Roblox-2013-novetus-site\Assemblies\Users\Roblox.Users.Old\Roblox.Users.Old.csproj" (6) no nó 1 (destinos padrão).
O arquivo de projeto contém o ToolsVersion="15.0". Esse conjunto de ferramentas é desconhecido ou está ausente, o que talvez possa ser resolvido com a instalação da versão apropriada do MSBuild. Também é possível que a compilação tenha sido forçada para uma versão específica do ToolsVersion por motivo de política. Tratando o projeto como se tivesse o ToolsVersion="4.0". Para obter mais informações, consulte http://go.microsoft.com/fwlink/?LinkId=291333.
GenerateTargetFrameworkMonikerAttribute:
Ignorando o destino "GenerateTargetFrameworkMonikerAttribute" porque todos os arquivos de saída estão atualizados em relação aos arquivos de entrada.
CoreCompile:
Ignorando o destino "CoreCompile" porque todos os arquivos de saída estão atualizados em relação aos arquivos de entrada.
CopyFilesToOutputDirectory:
  Roblox.Users.Old -> C:\Users\Usuário\Downloads\Roblox-2013-novetus-site\Assemblies\Users\Roblox.Users.Old\bin\Debug\Roblox.Users.Old.dll
Projeto de compilação pronto "C:\Users\Usuário\Downloads\Roblox-2013-novetus-site\Assemblies\Users\Roblox.Users.Old\Roblox.Users.Old.csproj" (destinos padrão).
O projeto "C:\Users\Usuário\Downloads\Roblox-2013-novetus-site\RobloxWebSite.sln" (1) está compilando "C:\Users\Usuário\Downloads\Roblox-2013-novetus-site\Assemblies\Caching\Roblox.Caching\Roblox.Caching.csproj" (7) no nó 1 (destinos padrão).
O arquivo de projeto contém o ToolsVersion="15.0". Esse conjunto de ferramentas é desconhecido ou está ausente, o que talvez possa ser resolvido com a instalação da versão apropriada do MSBuild. Também é possível que a compilação tenha sido forçada para uma versão específica do ToolsVersion por motivo de política. Tratando o projeto como se tivesse o ToolsVersion="4.0". Para obter mais informações, consulte http://go.microsoft.com/fwlink/?LinkId=291333.
GenerateTargetFrameworkMonikerAttribute:
Ignorando o destino "GenerateTargetFrameworkMonikerAttribute" porque todos os arquivos de saída estão atualizados em relação aos arquivos de entrada.
CoreCompile:
Ignorando o destino "CoreCompile" porque todos os arquivos de saída estão atualizados em relação aos arquivos de entrada.
CopyFilesToOutputDirectory:
  Roblox.Caching -> C:\Users\Usuário\Downloads\Roblox-2013-novetus-site\Assemblies\Caching\Roblox.Caching\bin\Debug\Roblox.Caching.dll
Projeto de compilação pronto "C:\Users\Usuário\Downloads\Roblox-2013-novetus-site\Assemblies\Caching\Roblox.Caching\Roblox.Caching.csproj" (destinos padrão).
O projeto "C:\Users\Usuário\Downloads\Roblox-2013-novetus-site\RobloxWebSite.sln" (1) está compilando "C:\Users\Usuário\Downloads\Roblox-2013-novetus-site\Assemblies\Data\Roblox.Data\Roblox.Data.csproj" (8) no nó 1 (destinos padrão).
O arquivo de projeto contém o ToolsVersion="15.0". Esse conjunto de ferramentas é desconhecido ou está ausente, o que talvez possa ser resolvido com a instalação da versão apropriada do MSBuild. Também é possível que a compilação tenha sido forçada para uma versão específica do ToolsVersion por motivo de política. Tratando o projeto como se tivesse o ToolsVersion="4.0". Para obter mais informações, consulte http://go.microsoft.com/fwlink/?LinkId=291333.
GenerateTargetFrameworkMonikerAttribute:
Ignorando o destino "GenerateTargetFrameworkMonikerAttribute" porque todos os arquivos de saída estão atualizados em relação aos arquivos de entrada.
CoreCompile:
Ignorando o destino "CoreCompile" porque todos os arquivos de saída estão atualizados em relação aos arquivos de entrada.
CopyFilesToOutputDirectory:
  Roblox.Data -> C:\Users\Usuário\Downloads\Roblox-2013-novetus-site\Assemblies\Data\Roblox.Data\bin\Debug\Roblox.Data.dll
Projeto de compilação pronto "C:\Users\Usuário\Downloads\Roblox-2013-novetus-site\Assemblies\Data\Roblox.Data\Roblox.Data.csproj" (destinos padrão).
O projeto "C:\Users\Usuário\Downloads\Roblox-2013-novetus-site\RobloxWebSite.sln" (1) está compilando "C:\Users\Usuário\Downloads\Roblox-2013-novetus-site\Assemblies\EventLog\Roblox.EventLog\Roblox.EventLog.csproj" (9) no nó 1 (destinos padrão).
O arquivo de projeto contém o ToolsVersion="15.0". Esse conjunto de ferramentas é desconhecido ou está ausente, o que talvez possa ser resolvido com a instalação da versão apropriada do MSBuild. Também é possível que a compilação tenha sido forçada para uma versão específica do ToolsVersion por motivo de política. Tratando o projeto como se tivesse o ToolsVersion="4.0". Para obter mais informações, consulte http://go.microsoft.com/fwlink/?LinkId=291333.
GenerateTargetFrameworkMonikerAttribute:
Ignorando o destino "GenerateTargetFrameworkMonikerAttribute" porque todos os arquivos de saída estão atualizados em relação aos arquivos de entrada.
CoreCompile:
Ignorando o destino "CoreCompile" porque todos os arquivos de saída estão atualizados em relação aos arquivos de entrada.
CopyFilesToOutputDirectory:
  Roblox.EventLog -> C:\Users\Usuário\Downloads\Roblox-2013-novetus-site\Assemblies\EventLog\Roblox.EventLog\bin\Debug\Roblox.EventLog.dll
Projeto de compilação pronto "C:\Users\Usuário\Downloads\Roblox-2013-novetus-site\Assemblies\EventLog\Roblox.EventLog\Roblox.EventLog.csproj" (destinos padrão).
O projeto "C:\Users\Usuário\Downloads\Roblox-2013-novetus-site\RobloxWebSite.sln" (1) está compilando "C:\Users\Usuário\Downloads\Roblox-2013-novetus-site\Assemblies\Instrumentation\Roblox.Instrumentation\Roblox.Instrumentation.csproj" (10) no nó 1 (destinos padrão).
O arquivo de projeto contém o ToolsVersion="15.0". Esse conjunto de ferramentas é desconhecido ou está ausente, o que talvez possa ser resolvido com a instalação da versão apropriada do MSBuild. Também é possível que a compilação tenha sido forçada para uma versão específica do ToolsVersion por motivo de política. Tratando o projeto como se tivesse o ToolsVersion="4.0". Para obter mais informações, consulte http://go.microsoft.com/fwlink/?LinkId=291333.
GenerateTargetFrameworkMonikerAttribute:
Ignorando o destino "GenerateTargetFrameworkMonikerAttribute" porque todos os arquivos de saída estão atualizados em relação aos arquivos de entrada.
CoreCompile:
Ignorando o destino "CoreCompile" porque todos os arquivos de saída estão atualizados em relação aos arquivos de entrada.
CopyFilesToOutputDirectory:
  Roblox.Instrumentation -> C:\Users\Usuário\Downloads\Roblox-2013-novetus-site\Assemblies\Instrumentation\Roblox.Instrumentation\bin\Debug\Roblox.Instrumentation.dll
Projeto de compilação pronto "C:\Users\Usuário\Downloads\Roblox-2013-novetus-site\Assemblies\Instrumentation\Roblox.Instrumentation\Roblox.Instrumentation.csproj" (destinos padrão).
O projeto "C:\Users\Usuário\Downloads\Roblox-2013-novetus-site\RobloxWebSite.sln" (1) está compilando "C:\Users\Usuário\Downloads\Roblox-2013-novetus-site\Assemblies\Agents\Roblox.Agents\Roblox.Agents.csproj" (11) no nó 1 (destinos padrão).
O arquivo de projeto contém o ToolsVersion="15.0". Esse conjunto de ferramentas é desconhecido ou está ausente, o que talvez possa ser resolvido com a instalação da versão apropriada do MSBuild. Também é possível que a compilação tenha sido forçada para uma versão específica do ToolsVersion por motivo de política. Tratando o projeto como se tivesse o ToolsVersion="4.0". Para obter mais informações, consulte http://go.microsoft.com/fwlink/?LinkId=291333.
GenerateTargetFrameworkMonikerAttribute:
Ignorando o destino "GenerateTargetFrameworkMonikerAttribute" porque todos os arquivos de saída estão atualizados em relação aos arquivos de entrada.
CoreCompile:
Ignorando o destino "CoreCompile" porque todos os arquivos de saída estão atualizados em relação aos arquivos de entrada.
CopyFilesToOutputDirectory:
  Roblox.Agents -> C:\Users\Usuário\Downloads\Roblox-2013-novetus-site\Assemblies\Agents\Roblox.Agents\bin\Debug\Roblox.Agents.dll
Projeto de compilação pronto "C:\Users\Usuário\Downloads\Roblox-2013-novetus-site\Assemblies\Agents\Roblox.Agents\Roblox.Agents.csproj" (destinos padrão).
O projeto "C:\Users\Usuário\Downloads\Roblox-2013-novetus-site\RobloxWebSite.sln" (1) está compilando "C:\Users\Usuário\Downloads\Roblox-2013-novetus-site\Assemblies\Http\Roblox.Http\Roblox.Http.csproj" (12) no nó 1 (destinos padrão).
O arquivo de projeto contém o ToolsVersion="15.0". Esse conjunto de ferramentas é desconhecido ou está ausente, o que talvez possa ser resolvido com a instalação da versão apropriada do MSBuild. Também é possível que a compilação tenha sido forçada para uma versão específica do ToolsVersion por motivo de política. Tratando o projeto como se tivesse o ToolsVersion="4.0". Para obter mais informações, consulte http://go.microsoft.com/fwlink/?LinkId=291333.
GenerateTargetFrameworkMonikerAttribute:
Ignorando o destino "GenerateTargetFrameworkMonikerAttribute" porque todos os arquivos de saída estão atualizados em relação aos arquivos de entrada.
CoreCompile:
Ignorando o destino "CoreCompile" porque todos os arquivos de saída estão atualizados em relação aos arquivos de entrada.
CopyFilesToOutputDirectory:
  Roblox.Http -> C:\Users\Usuário\Downloads\Roblox-2013-novetus-site\Assemblies\Http\Roblox.Http\bin\Debug\Roblox.Http.dll
Projeto de compilação pronto "C:\Users\Usuário\Downloads\Roblox-2013-novetus-site\Assemblies\Http\Roblox.Http\Roblox.Http.csproj" (destinos padrão).
O projeto "C:\Users\Usuário\Downloads\Roblox-2013-novetus-site\RobloxWebSite.sln" (1) está compilando "C:\Users\Usuário\Downloads\Roblox-2013-novetus-site\Assemblies\Marketing\Roblox.Marketing\Roblox.Marketing.csproj" (13) no nó 1 (destinos padrão).
O arquivo de projeto contém o ToolsVersion="15.0". Esse conjunto de ferramentas é desconhecido ou está ausente, o que talvez possa ser resolvido com a instalação da versão apropriada do MSBuild. Também é possível que a compilação tenha sido forçada para uma versão específica do ToolsVersion por motivo de política. Tratando o projeto como se tivesse o ToolsVersion="4.0". Para obter mais informações, consulte http://go.microsoft.com/fwlink/?LinkId=291333.
GenerateTargetFrameworkMonikerAttribute:
Ignorando o destino "GenerateTargetFrameworkMonikerAttribute" porque todos os arquivos de saída estão atualizados em relação aos arquivos de entrada.
CoreCompile:
Ignorando o destino "CoreCompile" porque todos os arquivos de saída estão atualizados em relação aos arquivos de entrada.
CopyFilesToOutputDirectory:
  Roblox.Marketing -> C:\Users\Usuário\Downloads\Roblox-2013-novetus-site\Assemblies\Marketing\Roblox.Marketing\bin\Debug\Roblox.Marketing.dll
Projeto de compilação pronto "C:\Users\Usuário\Downloads\Roblox-2013-novetus-site\Assemblies\Marketing\Roblox.Marketing\Roblox.Marketing.csproj" (destinos padrão).
O projeto "C:\Users\Usuário\Downloads\Roblox-2013-novetus-site\RobloxWebSite.sln" (1) está compilando "C:\Users\Usuário\Downloads\Roblox-2013-novetus-site\Assemblies\Common\Roblox.Common.Web\Roblox.Common.Web.csproj" (14) no nó 1 (destinos padrão).
O arquivo de projeto contém o ToolsVersion="15.0". Esse conjunto de ferramentas é desconhecido ou está ausente, o que talvez possa ser resolvido com a instalação da versão apropriada do MSBuild. Também é possível que a compilação tenha sido forçada para uma versão específica do ToolsVersion por motivo de política. Tratando o projeto como se tivesse o ToolsVersion="4.0". Para obter mais informações, consulte http://go.microsoft.com/fwlink/?LinkId=291333.
GenerateTargetFrameworkMonikerAttribute:
Ignorando o destino "GenerateTargetFrameworkMonikerAttribute" porque todos os arquivos de saída estão atualizados em relação aos arquivos de entrada.
CoreCompile:
Ignorando o destino "CoreCompile" porque todos os arquivos de saída estão atualizados em relação aos arquivos de entrada.
CopyFilesToOutputDirectory:
  Roblox.Common.Web -> C:\Users\Usuário\Downloads\Roblox-2013-novetus-site\Assemblies\Common\Roblox.Common.Web\bin\Debug\Roblox.Common.Web.dll
Projeto de compilação pronto "C:\Users\Usuário\Downloads\Roblox-2013-novetus-site\Assemblies\Common\Roblox.Common.Web\Roblox.Common.Web.csproj" (destinos padrão).
O projeto "C:\Users\Usuário\Downloads\Roblox-2013-novetus-site\RobloxWebSite.sln" (1) está compilando "C:\Users\Usuário\Downloads\Roblox-2013-novetus-site\Assemblies\Configuration\Roblox.WebsiteSettings\Roblox.WebsiteSettings.csproj" (15) no nó 1 (destinos padrão).
O arquivo de projeto contém o ToolsVersion="15.0". Esse conjunto de ferramentas é desconhecido ou está ausente, o que talvez possa ser resolvido com a instalação da versão apropriada do MSBuild. Também é possível que a compilação tenha sido forçada para uma versão específica do ToolsVersion por motivo de política. Tratando o projeto como se tivesse o ToolsVersion="4.0". Para obter mais informações, consulte http://go.microsoft.com/fwlink/?LinkId=291333.
GenerateTargetFrameworkMonikerAttribute:
Ignorando o destino "GenerateTargetFrameworkMonikerAttribute" porque todos os arquivos de saída estão atualizados em relação aos arquivos de entrada.
CoreCompile:
Ignorando o destino "CoreCompile" porque todos os arquivos de saída estão atualizados em relação aos arquivos de entrada.
CopyFilesToOutputDirectory:
  Roblox.WebsiteSettings -> C:\Users\Usuário\Downloads\Roblox-2013-novetus-site\Assemblies\Configuration\Roblox.WebsiteSettings\bin\Debug\Roblox.WebsiteSettings.dll
Projeto de compilação pronto "C:\Users\Usuário\Downloads\Roblox-2013-novetus-site\Assemblies\Configuration\Roblox.WebsiteSettings\Roblox.WebsiteSettings.csproj" (destinos padrão).
O projeto "C:\Users\Usuário\Downloads\Roblox-2013-novetus-site\RobloxWebSite.sln" (1) está compilando "C:\Users\Usuário\Downloads\Roblox-2013-novetus-site\Assemblies\Economy\Roblox.Economy.Common\Roblox.Economy.Common.csproj" (16) no nó 1 (destinos padrão).
O arquivo de projeto contém o ToolsVersion="15.0". Esse conjunto de ferramentas é desconhecido ou está ausente, o que talvez possa ser resolvido com a instalação da versão apropriada do MSBuild. Também é possível que a compilação tenha sido forçada para uma versão específica do ToolsVersion por motivo de política. Tratando o projeto como se tivesse o ToolsVersion="4.0". Para obter mais informações, consulte http://go.microsoft.com/fwlink/?LinkId=291333.
GenerateTargetFrameworkMonikerAttribute:
Ignorando o destino "GenerateTargetFrameworkMonikerAttribute" porque todos os arquivos de saída estão atualizados em relação aos arquivos de entrada.
CoreCompile:
Ignorando o destino "CoreCompile" porque todos os arquivos de saída estão atualizados em relação aos arquivos de entrada.
CopyFilesToOutputDirectory:
  Roblox.Economy.Common -> C:\Users\Usuário\Downloads\Roblox-2013-novetus-site\Assemblies\Economy\Roblox.Economy.Common\bin\Debug\Roblox.Economy.Common.dll
Projeto de compilação pronto "C:\Users\Usuário\Downloads\Roblox-2013-novetus-site\Assemblies\Economy\Roblox.Economy.Common\Roblox.Economy.Common.csproj" (destinos padrão).
O projeto "C:\Users\Usuário\Downloads\Roblox-2013-novetus-site\RobloxWebSite.sln" (1) está compilando "C:\Users\Usuário\Downloads\Roblox-2013-novetus-site\Assemblies\RequestContext\Roblox.RequestContext\Roblox.RequestContext.csproj" (17) no nó 1 (destinos padrão).
O arquivo de projeto contém o ToolsVersion="15.0". Esse conjunto de ferramentas é desconhecido ou está ausente, o que talvez possa ser resolvido com a instalação da versão apropriada do MSBuild. Também é possível que a compilação tenha sido forçada para uma versão específica do ToolsVersion por motivo de política. Tratando o projeto como se tivesse o ToolsVersion="4.0". Para obter mais informações, consulte http://go.microsoft.com/fwlink/?LinkId=291333.
GenerateTargetFrameworkMonikerAttribute:
Ignorando o destino "GenerateTargetFrameworkMonikerAttribute" porque todos os arquivos de saída estão atualizados em relação aos arquivos de entrada.
CoreCompile:
Ignorando o destino "CoreCompile" porque todos os arquivos de saída estão atualizados em relação aos arquivos de entrada.
CopyFilesToOutputDirectory:
  Roblox.RequestContext -> C:\Users\Usuário\Downloads\Roblox-2013-novetus-site\Assemblies\RequestContext\Roblox.RequestContext\bin\Debug\Roblox.RequestContext.dll
Projeto de compilação pronto "C:\Users\Usuário\Downloads\Roblox-2013-novetus-site\Assemblies\RequestContext\Roblox.RequestContext\Roblox.RequestContext.csproj" (destinos padrão).
O projeto "C:\Users\Usuário\Downloads\Roblox-2013-novetus-site\RobloxWebSite.sln" (1) está compilando "C:\Users\Usuário\Downloads\Roblox-2013-novetus-site\Assemblies\Grid\Roblox.Grid.Client\Roblox.Grid.Client.csproj" (18) no nó 1 (destinos padrão).
O arquivo de projeto contém o ToolsVersion="15.0". Esse conjunto de ferramentas é desconhecido ou está ausente, o que talvez possa ser resolvido com a instalação da versão apropriada do MSBuild. Também é possível que a compilação tenha sido forçada para uma versão específica do ToolsVersion por motivo de política. Tratando o projeto como se tivesse o ToolsVersion="4.0". Para obter mais informações, consulte http://go.microsoft.com/fwlink/?LinkId=291333.
GenerateTargetFrameworkMonikerAttribute:
Ignorando o destino "GenerateTargetFrameworkMonikerAttribute" porque todos os arquivos de saída estão atualizados em relação aos arquivos de entrada.
CoreCompile:
Ignorando o destino "CoreCompile" porque todos os arquivos de saída estão atualizados em relação aos arquivos de entrada.
CopyFilesToOutputDirectory:
  Roblox.Grid.Client -> C:\Users\Usuário\Downloads\Roblox-2013-novetus-site\Assemblies\Grid\Roblox.Grid.Client\bin\Debug\Roblox.Grid.Client.dll
Projeto de compilação pronto "C:\Users\Usuário\Downloads\Roblox-2013-novetus-site\Assemblies\Grid\Roblox.Grid.Client\Roblox.Grid.Client.csproj" (destinos padrão).
O projeto "C:\Users\Usuário\Downloads\Roblox-2013-novetus-site\RobloxWebSite.sln" (1) está compilando "C:\Users\Usuário\Downloads\Roblox-2013-novetus-site\Assemblies\Grid\Roblox.Grid.Common\Roblox.Grid.Common.csproj" (19) no nó 1 (destinos padrão).
O arquivo de projeto contém o ToolsVersion="15.0". Esse conjunto de ferramentas é desconhecido ou está ausente, o que talvez possa ser resolvido com a instalação da versão apropriada do MSBuild. Também é possível que a compilação tenha sido forçada para uma versão específica do ToolsVersion por motivo de política. Tratando o projeto como se tivesse o ToolsVersion="4.0". Para obter mais informações, consulte http://go.microsoft.com/fwlink/?LinkId=291333.
GenerateTargetFrameworkMonikerAttribute:
Ignorando o destino "GenerateTargetFrameworkMonikerAttribute" porque todos os arquivos de saída estão atualizados em relação aos arquivos de entrada.
CoreCompile:
Ignorando o destino "CoreCompile" porque todos os arquivos de saída estão atualizados em relação aos arquivos de entrada.
CopyFilesToOutputDirectory:
  Roblox.Grid.Common -> C:\Users\Usuário\Downloads\Roblox-2013-novetus-site\Assemblies\Grid\Roblox.Grid.Common\bin\Debug\Roblox.Grid.Common.dll
Projeto de compilação pronto "C:\Users\Usuário\Downloads\Roblox-2013-novetus-site\Assemblies\Grid\Roblox.Grid.Common\Roblox.Grid.Common.csproj" (destinos padrão).
O projeto "C:\Users\Usuário\Downloads\Roblox-2013-novetus-site\RobloxWebSite.sln" (1) está compilando "C:\Users\Usuário\Downloads\Roblox-2013-novetus-site\Assemblies\Grid\Arbiter\Roblox.Grid.Arbiter.Common\Roblox.Grid.Arbiter.Common.csproj" (20) no nó 1 (destinos padrão).
O arquivo de projeto contém o ToolsVersion="15.0". Esse conjunto de ferramentas é desconhecido ou está ausente, o que talvez possa ser resolvido com a instalação da versão apropriada do MSBuild. Também é possível que a compilação tenha sido forçada para uma versão específica do ToolsVersion por motivo de política. Tratando o projeto como se tivesse o ToolsVersion="4.0". Para obter mais informações, consulte http://go.microsoft.com/fwlink/?LinkId=291333.
GenerateTargetFrameworkMonikerAttribute:
Ignorando o destino "GenerateTargetFrameworkMonikerAttribute" porque todos os arquivos de saída estão atualizados em relação aos arquivos de entrada.
CoreCompile:
Ignorando o destino "CoreCompile" porque todos os arquivos de saída estão atualizados em relação aos arquivos de entrada.
CopyFilesToOutputDirectory:
  Roblox.Grid.Arbiter.Common -> C:\Users\Usuário\Downloads\Roblox-2013-novetus-site\Assemblies\Grid\Arbiter\Roblox.Grid.Arbiter.Common\bin\Debug\Roblox.Grid.Arbiter.Common.dll
Projeto de compilação pronto "C:\Users\Usuário\Downloads\Roblox-2013-novetus-site\Assemblies\Grid\Arbiter\Roblox.Grid.Arbiter.Common\Roblox.Grid.Arbiter.Common.csproj" (destinos padrão).
O projeto "C:\Users\Usuário\Downloads\Roblox-2013-novetus-site\RobloxWebSite.sln" (1) está compilando "C:\Users\Usuário\Downloads\Roblox-2013-novetus-site\Assemblies\Infrastructure\Roblox.Farms\Roblox.Farms.csproj" (21) no nó 1 (destinos padrão).
O arquivo de projeto contém o ToolsVersion="15.0". Esse conjunto de ferramentas é desconhecido ou está ausente, o que talvez possa ser resolvido com a instalação da versão apropriada do MSBuild. Também é possível que a compilação tenha sido forçada para uma versão específica do ToolsVersion por motivo de política. Tratando o projeto como se tivesse o ToolsVersion="4.0". Para obter mais informações, consulte http://go.microsoft.com/fwlink/?LinkId=291333.
GenerateTargetFrameworkMonikerAttribute:
Ignorando o destino "GenerateTargetFrameworkMonikerAttribute" porque todos os arquivos de saída estão atualizados em relação aos arquivos de entrada.
CoreCompile:
  C:\Windows\Microsoft.NET\Framework\v4.0.30319\Csc.exe /noconfig /nowarn:1701,1702 /nostdlib+ /highentropyva+ /reference:"C:\Program Files (x86)\Reference Assemblies\Microsoft\Framework\.NETFramework\v4.7.2\mscorlib.dll" /reference:"C:\Program Files (x86)\Reference Assemblies\Microsoft\Framework\.NETFramework\v4.7.2\System.Core.dll" /debug+ /out:obj\Debug\Roblox.Farms.dll /subsystemversion:6.00 /target:library /utf8output Stub.cs "C:\Users\Usuário\AppData\Local\Temp\.NETFramework,Version=v4.7.2.AssemblyAttributes.cs"
Stub.cs(6,40): error CS1002: ; esperado [C:\Users\Usuário\Downloads\Roblox-2013-novetus-site\Assemblies\Infrastructure\Roblox.Farms\Roblox.Farms.csproj]
Projeto de compilação pronto "C:\Users\Usuário\Downloads\Roblox-2013-novetus-site\Assemblies\Infrastructure\Roblox.Farms\Roblox.Farms.csproj" (destinos padrão) -- FALHA.
O projeto "C:\Users\Usuário\Downloads\Roblox-2013-novetus-site\RobloxWebSite.sln" (1) está compilando "C:\Users\Usuário\Downloads\Roblox-2013-novetus-site\Assemblies\Core\Roblox.Web.Core\Roblox.Web.Core.csproj" (22) no nó 1 (destinos padrão).
O arquivo de projeto contém o ToolsVersion="15.0". Esse conjunto de ferramentas é desconhecido ou está ausente, o que talvez possa ser resolvido com a instalação da versão apropriada do MSBuild. Também é possível que a compilação tenha sido forçada para uma versão específica do ToolsVersion por motivo de política. Tratando o projeto como se tivesse o ToolsVersion="4.0". Para obter mais informações, consulte http://go.microsoft.com/fwlink/?LinkId=291333.
GenerateTargetFrameworkMonikerAttribute:
Ignorando o destino "GenerateTargetFrameworkMonikerAttribute" porque todos os arquivos de saída estão atualizados em relação aos arquivos de entrada.
CoreCompile:
Ignorando o destino "CoreCompile" porque todos os arquivos de saída estão atualizados em relação aos arquivos de entrada.
CopyFilesToOutputDirectory:
  Roblox.Web.Core -> C:\Users\Usuário\Downloads\Roblox-2013-novetus-site\Assemblies\Core\Roblox.Web.Core\bin\Debug\Roblox.Web.Core.dll
Projeto de compilação pronto "C:\Users\Usuário\Downloads\Roblox-2013-novetus-site\Assemblies\Core\Roblox.Web.Core\Roblox.Web.Core.csproj" (destinos padrão).
O projeto "C:\Users\Usuário\Downloads\Roblox-2013-novetus-site\RobloxWebSite.sln" (1) está compilando "C:\Users\Usuário\Downloads\Roblox-2013-novetus-site\Assemblies\Caching\Roblox.MultiCastToMemcached\Roblox.MultiCastToMemcached.csproj" (23) no nó 1 (destinos padrão).
O arquivo de projeto contém o ToolsVersion="15.0". Esse conjunto de ferramentas é desconhecido ou está ausente, o que talvez possa ser resolvido com a instalação da versão apropriada do MSBuild. Também é possível que a compilação tenha sido forçada para uma versão específica do ToolsVersion por motivo de política. Tratando o projeto como se tivesse o ToolsVersion="4.0". Para obter mais informações, consulte http://go.microsoft.com/fwlink/?LinkId=291333.
GenerateTargetFrameworkMonikerAttribute:
Ignorando o destino "GenerateTargetFrameworkMonikerAttribute" porque todos os arquivos de saída estão atualizados em relação aos arquivos de entrada.
CoreCompile:
Ignorando o destino "CoreCompile" porque todos os arquivos de saída estão atualizados em relação aos arquivos de entrada.
CopyFilesToOutputDirectory:
  Roblox.MultiCastToMemcached -> C:\Users\Usuário\Downloads\Roblox-2013-novetus-site\Assemblies\Caching\Roblox.MultiCastToMemcached\bin\Debug\Roblox.MultiCastToMemcached.dll
Projeto de compilação pronto "C:\Users\Usuário\Downloads\Roblox-2013-novetus-site\Assemblies\Caching\Roblox.MultiCastToMemcached\Roblox.MultiCastToMemcached.csproj" (destinos padrão).
O projeto "C:\Users\Usuário\Downloads\Roblox-2013-novetus-site\RobloxWebSite.sln" (1) está compilando "C:\Users\Usuário\Downloads\Roblox-2013-novetus-site\Assemblies\Files\Roblox.Files\Roblox.Files.csproj" (24) no nó 1 (destinos padrão).
O arquivo de projeto contém o ToolsVersion="15.0". Esse conjunto de ferramentas é desconhecido ou está ausente, o que talvez possa ser resolvido com a instalação da versão apropriada do MSBuild. Também é possível que a compilação tenha sido forçada para uma versão específica do ToolsVersion por motivo de política. Tratando o projeto como se tivesse o ToolsVersion="4.0". Para obter mais informações, consulte http://go.microsoft.com/fwlink/?LinkId=291333.
GenerateTargetFrameworkMonikerAttribute:
Ignorando o destino "GenerateTargetFrameworkMonikerAttribute" porque todos os arquivos de saída estão atualizados em relação aos arquivos de entrada.
CoreCompile:
Ignorando o destino "CoreCompile" porque todos os arquivos de saída estão atualizados em relação aos arquivos de entrada.
CopyFilesToOutputDirectory:
  Roblox.Files -> C:\Users\Usuário\Downloads\Roblox-2013-novetus-site\Assemblies\Files\Roblox.Files\bin\Debug\Roblox.Files.dll
Projeto de compilação pronto "C:\Users\Usuário\Downloads\Roblox-2013-novetus-site\Assemblies\Files\Roblox.Files\Roblox.Files.csproj" (destinos padrão).
O projeto "C:\Users\Usuário\Downloads\Roblox-2013-novetus-site\RobloxWebSite.sln" (1) está compilando "C:\Users\Usuário\Downloads\Roblox-2013-novetus-site\Assemblies\Assets\Roblox.Assets\Roblox.Assets.csproj" (25) no nó 1 (destinos padrão).
O arquivo de projeto contém o ToolsVersion="15.0". Esse conjunto de ferramentas é desconhecido ou está ausente, o que talvez possa ser resolvido com a instalação da versão apropriada do MSBuild. Também é possível que a compilação tenha sido forçada para uma versão específica do ToolsVersion por motivo de política. Tratando o projeto como se tivesse o ToolsVersion="4.0". Para obter mais informações, consulte http://go.microsoft.com/fwlink/?LinkId=291333.
GenerateTargetFrameworkMonikerAttribute:
Ignorando o destino "GenerateTargetFrameworkMonikerAttribute" porque todos os arquivos de saída estão atualizados em relação aos arquivos de entrada.
CoreCompile:
Ignorando o destino "CoreCompile" porque todos os arquivos de saída estão atualizados em relação aos arquivos de entrada.
CopyFilesToOutputDirectory:
  Roblox.Assets -> C:\Users\Usuário\Downloads\Roblox-2013-novetus-site\Assemblies\Assets\Roblox.Assets\bin\Debug\Roblox.Assets.dll
Projeto de compilação pronto "C:\Users\Usuário\Downloads\Roblox-2013-novetus-site\Assemblies\Assets\Roblox.Assets\Roblox.Assets.csproj" (destinos padrão).
O projeto "C:\Users\Usuário\Downloads\Roblox-2013-novetus-site\RobloxWebSite.sln" (1) está compilando "C:\Users\Usuário\Downloads\Roblox-2013-novetus-site\Assemblies\EventLog\Roblox.EventLog.Extended\Roblox.EventLog.Extended.csproj" (26) no nó 1 (destinos padrão).
O arquivo de projeto contém o ToolsVersion="15.0". Esse conjunto de ferramentas é desconhecido ou está ausente, o que talvez possa ser resolvido com a instalação da versão apropriada do MSBuild. Também é possível que a compilação tenha sido forçada para uma versão específica do ToolsVersion por motivo de política. Tratando o projeto como se tivesse o ToolsVersion="4.0". Para obter mais informações, consulte http://go.microsoft.com/fwlink/?LinkId=291333.
GenerateTargetFrameworkMonikerAttribute:
Ignorando o destino "GenerateTargetFrameworkMonikerAttribute" porque todos os arquivos de saída estão atualizados em relação aos arquivos de entrada.
CoreCompile:
Ignorando o destino "CoreCompile" porque todos os arquivos de saída estão atualizados em relação aos arquivos de entrada.
CopyFilesToOutputDirectory:
  Roblox.EventLog.Extended -> C:\Users\Usuário\Downloads\Roblox-2013-novetus-site\Assemblies\EventLog\Roblox.EventLog.Extended\bin\Debug\Roblox.EventLog.Extended.dll
Projeto de compilação pronto "C:\Users\Usuário\Downloads\Roblox-2013-novetus-site\Assemblies\EventLog\Roblox.EventLog.Extended\Roblox.EventLog.Extended.csproj" (destinos padrão).
O projeto "C:\Users\Usuário\Downloads\Roblox-2013-novetus-site\RobloxWebSite.sln" (1) está compilando "C:\Users\Usuário\Downloads\Roblox-2013-novetus-site\Assemblies\Web\StaticContent\Roblox.Web.StaticContent\Roblox.Web.StaticContent.csproj" (27) no nó 1 (destinos padrão).
O arquivo de projeto contém o ToolsVersion="15.0". Esse conjunto de ferramentas é desconhecido ou está ausente, o que talvez possa ser resolvido com a instalação da versão apropriada do MSBuild. Também é possível que a compilação tenha sido forçada para uma versão específica do ToolsVersion por motivo de política. Tratando o projeto como se tivesse o ToolsVersion="4.0". Para obter mais informações, consulte http://go.microsoft.com/fwlink/?LinkId=291333.
GenerateTargetFrameworkMonikerAttribute:
Ignorando o destino "GenerateTargetFrameworkMonikerAttribute" porque todos os arquivos de saída estão atualizados em relação aos arquivos de entrada.
CoreCompile:
  C:\Windows\Microsoft.NET\Framework\v4.0.30319\Csc.exe /noconfig /nowarn:1701,1702 /nostdlib+ /highentropyva+ /reference:"C:\Program Files (x86)\Reference Assemblies\Microsoft\Framework\.NETFramework\v4.7.2\mscorlib.dll" /reference:"C:\Program Files (x86)\Reference Assemblies\Microsoft\Framework\.NETFramework\v4.7.2\System.Core.dll" /debug+ /out:obj\Debug\Roblox.Web.StaticContent.dll /subsystemversion:6.00 /target:library /utf8output Stub.cs "C:\Users\Usuário\AppData\Local\Temp\.NETFramework,Version=v4.7.2.AssemblyAttributes.cs"
Stub.cs(10,44): error CS1002: ; esperado [C:\Users\Usuário\Downloads\Roblox-2013-novetus-site\Assemblies\Web\StaticContent\Roblox.Web.StaticContent\Roblox.Web.StaticContent.csproj]
Stub.cs(10,55): error CS1519: Token ';' inválido na declaração de membro class, struct ou interface [C:\Users\Usuário\Downloads\Roblox-2013-novetus-site\Assemblies\Web\StaticContent\Roblox.Web.StaticContent\Roblox.Web.StaticContent.csproj]
Stub.cs(11,56): error CS1519: Token '=' inválido na declaração de membro class, struct ou interface [C:\Users\Usuário\Downloads\Roblox-2013-novetus-site\Assemblies\Web\StaticContent\Roblox.Web.StaticContent\Roblox.Web.StaticContent.csproj]
Stub.cs(12,49): error CS1519: Token '=' inválido na declaração de membro class, struct ou interface [C:\Users\Usuário\Downloads\Roblox-2013-novetus-site\Assemblies\Web\StaticContent\Roblox.Web.StaticContent\Roblox.Web.StaticContent.csproj]
Stub.cs(18,54): error CS1002: ; esperado [C:\Users\Usuário\Downloads\Roblox-2013-novetus-site\Assemblies\Web\StaticContent\Roblox.Web.StaticContent\Roblox.Web.StaticContent.csproj]
Stub.cs(18,71): error CS1519: Token ';' inválido na declaração de membro class, struct ou interface [C:\Users\Usuário\Downloads\Roblox-2013-novetus-site\Assemblies\Web\StaticContent\Roblox.Web.StaticContent\Roblox.Web.StaticContent.csproj]
Stub.cs(23,57): error CS1519: Token '=' inválido na declaração de membro class, struct ou interface [C:\Users\Usuário\Downloads\Roblox-2013-novetus-site\Assemblies\Web\StaticContent\Roblox.Web.StaticContent\Roblox.Web.StaticContent.csproj]
Stub.cs(23,75): error CS1519: Token '(' inválido na declaração de membro class, struct ou interface [C:\Users\Usuário\Downloads\Roblox-2013-novetus-site\Assemblies\Web\StaticContent\Roblox.Web.StaticContent\Roblox.Web.StaticContent.csproj]
Stub.cs(24,96): error CS1002: ; esperado [C:\Users\Usuário\Downloads\Roblox-2013-novetus-site\Assemblies\Web\StaticContent\Roblox.Web.StaticContent\Roblox.Web.StaticContent.csproj]
Stub.cs(29,53): error CS1519: Token '=' inválido na declaração de membro class, struct ou interface [C:\Users\Usuário\Downloads\Roblox-2013-novetus-site\Assemblies\Web\StaticContent\Roblox.Web.StaticContent\Roblox.Web.StaticContent.csproj]
Stub.cs(29,71): error CS1519: Token '(' inválido na declaração de membro class, struct ou interface [C:\Users\Usuário\Downloads\Roblox-2013-novetus-site\Assemblies\Web\StaticContent\Roblox.Web.StaticContent\Roblox.Web.StaticContent.csproj]
Stub.cs(30,96): error CS1002: ; esperado [C:\Users\Usuário\Downloads\Roblox-2013-novetus-site\Assemblies\Web\StaticContent\Roblox.Web.StaticContent\Roblox.Web.StaticContent.csproj]
Projeto de compilação pronto "C:\Users\Usuário\Downloads\Roblox-2013-novetus-site\Assemblies\Web\StaticContent\Roblox.Web.StaticContent\Roblox.Web.StaticContent.csproj" (destinos padrão) -- FALHA.
O projeto "C:\Users\Usuário\Downloads\Roblox-2013-novetus-site\RobloxWebSite.sln" (1) está compilando "C:\Users\Usuário\Downloads\Roblox-2013-novetus-site\Assemblies\Web\Mvc\Roblox.Web.Mvc.NetFramework\Roblox.Web.Mvc.csproj" (28) no nó 1 (destinos padrão).
O arquivo de projeto contém o ToolsVersion="15.0". Esse conjunto de ferramentas é desconhecido ou está ausente, o que talvez possa ser resolvido com a instalação da versão apropriada do MSBuild. Também é possível que a compilação tenha sido forçada para uma versão específica do ToolsVersion por motivo de política. Tratando o projeto como se tivesse o ToolsVersion="4.0". Para obter mais informações, consulte http://go.microsoft.com/fwlink/?LinkId=291333.
GenerateTargetFrameworkMonikerAttribute:
Ignorando o destino "GenerateTargetFrameworkMonikerAttribute" porque todos os arquivos de saída estão atualizados em relação aos arquivos de entrada.
CoreCompile:
  C:\Windows\Microsoft.NET\Framework\v4.0.30319\Csc.exe /noconfig /nowarn:1701,1702 /nostdlib+ /highentropyva+ /reference:"C:\Program Files (x86)\Reference Assemblies\Microsoft\Framework\.NETFramework\v4.7.2\mscorlib.dll" /reference:"C:\Program Files (x86)\Reference Assemblies\Microsoft\Framework\.NETFramework\v4.7.2\System.Core.dll" /debug+ /out:obj\Debug\Roblox.Web.Mvc.dll /subsystemversion:6.00 /target:library /utf8output Stub.cs "C:\Users\Usuário\AppData\Local\Temp\.NETFramework,Version=v4.7.2.AssemblyAttributes.cs"
Stub.cs(2,14): error CS0234: O nome do namespace ou o tipo 'Web' não existe no namespace 'System'. Precisa de uma referência de assembly? [C:\Users\Usuário\Downloads\Roblox-2013-novetus-site\Assemblies\Web\Mvc\Roblox.Web.Mvc.NetFramework\Roblox.Web.Mvc.csproj]
Stub.cs(7,58): error CS0246: O nome de namespace ou o tipo 'ActionFilterAttribute' não pôde ser encontrado. Precisa de uma diretiva using ou de uma referência de assembly? [C:\Users\Usuário\Downloads\Roblox-2013-novetus-site\Assemblies\Web\Mvc\Roblox.Web.Mvc.NetFramework\Roblox.Web.Mvc.csproj]
Stub.cs(9,48): error CS0246: O nome de namespace ou o tipo 'ActionExecutingContext' não pôde ser encontrado. Precisa de uma diretiva using ou de uma referência de assembly? [C:\Users\Usuário\Downloads\Roblox-2013-novetus-site\Assemblies\Web\Mvc\Roblox.Web.Mvc.NetFramework\Roblox.Web.Mvc.csproj]
Projeto de compilação pronto "C:\Users\Usuário\Downloads\Roblox-2013-novetus-site\Assemblies\Web\Mvc\Roblox.Web.Mvc.NetFramework\Roblox.Web.Mvc.csproj" (destinos padrão) -- FALHA.
O projeto "C:\Users\Usuário\Downloads\Roblox-2013-novetus-site\RobloxWebSite.sln" (1) está compilando "C:\Users\Usuário\Downloads\Roblox-2013-novetus-site\Assemblies\Web\Code\Roblox.Web.Code\Roblox.Web.Code.csproj" (29) no nó 1 (destinos padrão).
O arquivo de projeto contém o ToolsVersion="15.0". Esse conjunto de ferramentas é desconhecido ou está ausente, o que talvez possa ser resolvido com a instalação da versão apropriada do MSBuild. Também é possível que a compilação tenha sido forçada para uma versão específica do ToolsVersion por motivo de política. Tratando o projeto como se tivesse o ToolsVersion="4.0". Para obter mais informações, consulte http://go.microsoft.com/fwlink/?LinkId=291333.
GenerateTargetFrameworkMonikerAttribute:
Ignorando o destino "GenerateTargetFrameworkMonikerAttribute" porque todos os arquivos de saída estão atualizados em relação aos arquivos de entrada.
CoreCompile:
  C:\Windows\Microsoft.NET\Framework\v4.0.30319\Csc.exe /noconfig /nowarn:1701,1702 /nostdlib+ /highentropyva+ /reference:"C:\Program Files (x86)\Reference Assemblies\Microsoft\Framework\.NETFramework\v4.7.2\mscorlib.dll" /reference:"C:\Program Files (x86)\Reference Assemblies\Microsoft\Framework\.NETFramework\v4.7.2\System.Core.dll" /debug+ /out:obj\Debug\Roblox.Web.Code.dll /subsystemversion:6.00 /target:library /utf8output Stub.cs "C:\Users\Usuário\AppData\Local\Temp\.NETFramework,Version=v4.7.2.AssemblyAttributes.cs"
Stub.cs(8,44): error CS1002: ; esperado [C:\Users\Usuário\Downloads\Roblox-2013-novetus-site\Assemblies\Web\Code\Roblox.Web.Code\Roblox.Web.Code.csproj]
Stub.cs(8,55): error CS1519: Token ';' inválido na declaração de membro class, struct ou interface [C:\Users\Usuário\Downloads\Roblox-2013-novetus-site\Assemblies\Web\Code\Roblox.Web.Code\Roblox.Web.Code.csproj]
Stub.cs(10,65): error CS1519: Token '=' inválido na declaração de membro class, struct ou interface [C:\Users\Usuário\Downloads\Roblox-2013-novetus-site\Assemblies\Web\Code\Roblox.Web.Code\Roblox.Web.Code.csproj]
Stub.cs(11,68): error CS1519: Token '=' inválido na declaração de membro class, struct ou interface [C:\Users\Usuário\Downloads\Roblox-2013-novetus-site\Assemblies\Web\Code\Roblox.Web.Code\Roblox.Web.Code.csproj]
Stub.cs(11,76): error CS1519: Token '.' inválido na declaração de membro class, struct ou interface [C:\Users\Usuário\Downloads\Roblox-2013-novetus-site\Assemblies\Web\Code\Roblox.Web.Code\Roblox.Web.Code.csproj]
Stub.cs(11,82): error CS1519: Token ';' inválido na declaração de membro class, struct ou interface [C:\Users\Usuário\Downloads\Roblox-2013-novetus-site\Assemblies\Web\Code\Roblox.Web.Code\Roblox.Web.Code.csproj]
Stub.cs(12,66): error CS1519: Token '=' inválido na declaração de membro class, struct ou interface [C:\Users\Usuário\Downloads\Roblox-2013-novetus-site\Assemblies\Web\Code\Roblox.Web.Code\Roblox.Web.Code.csproj]
Stub.cs(12,74): error CS1519: Token '.' inválido na declaração de membro class, struct ou interface [C:\Users\Usuário\Downloads\Roblox-2013-novetus-site\Assemblies\Web\Code\Roblox.Web.Code\Roblox.Web.Code.csproj]
Stub.cs(12,80): error CS1519: Token ';' inválido na declaração de membro class, struct ou interface [C:\Users\Usuário\Downloads\Roblox-2013-novetus-site\Assemblies\Web\Code\Roblox.Web.Code\Roblox.Web.Code.csproj]
Stub.cs(13,81): error CS1519: Token '=' inválido na declaração de membro class, struct ou interface [C:\Users\Usuário\Downloads\Roblox-2013-novetus-site\Assemblies\Web\Code\Roblox.Web.Code\Roblox.Web.Code.csproj]
Stub.cs(13,89): error CS1519: Token '.' inválido na declaração de membro class, struct ou interface [C:\Users\Usuário\Downloads\Roblox-2013-novetus-site\Assemblies\Web\Code\Roblox.Web.Code\Roblox.Web.Code.csproj]
Stub.cs(13,95): error CS1519: Token ';' inválido na declaração de membro class, struct ou interface [C:\Users\Usuário\Downloads\Roblox-2013-novetus-site\Assemblies\Web\Code\Roblox.Web.Code\Roblox.Web.Code.csproj]
Stub.cs(21,59): error CS1002: ; esperado [C:\Users\Usuário\Downloads\Roblox-2013-novetus-site\Assemblies\Web\Code\Roblox.Web.Code\Roblox.Web.Code.csproj]
Stub.cs(21,76): error CS1519: Token '(' inválido na declaração de membro class, struct ou interface [C:\Users\Usuário\Downloads\Roblox-2013-novetus-site\Assemblies\Web\Code\Roblox.Web.Code\Roblox.Web.Code.csproj]
Projeto de compilação pronto "C:\Users\Usuário\Downloads\Roblox-2013-novetus-site\Assemblies\Web\Code\Roblox.Web.Code\Roblox.Web.Code.csproj" (destinos padrão) -- FALHA.
O projeto "C:\Users\Usuário\Downloads\Roblox-2013-novetus-site\RobloxWebSite.sln" (1) está compilando "C:\Users\Usuário\Downloads\Roblox-2013-novetus-site\Assemblies\Web\HttpModules\Roblox.Web.HttpModules\Roblox.Web.HttpModules.csproj" (30) no nó 1 (destinos padrão).
O arquivo de projeto contém o ToolsVersion="15.0". Esse conjunto de ferramentas é desconhecido ou está ausente, o que talvez possa ser resolvido com a instalação da versão apropriada do MSBuild. Também é possível que a compilação tenha sido forçada para uma versão específica do ToolsVersion por motivo de política. Tratando o projeto como se tivesse o ToolsVersion="4.0". Para obter mais informações, consulte http://go.microsoft.com/fwlink/?LinkId=291333.
GenerateTargetFrameworkMonikerAttribute:
Ignorando o destino "GenerateTargetFrameworkMonikerAttribute" porque todos os arquivos de saída estão atualizados em relação aos arquivos de entrada.
CoreCompile:
Ignorando o destino "CoreCompile" porque todos os arquivos de saída estão atualizados em relação aos arquivos de entrada.
CopyFilesToOutputDirectory:
  Roblox.Web.HttpModules -> C:\Users\Usuário\Downloads\Roblox-2013-novetus-site\Assemblies\Web\HttpModules\Roblox.Web.HttpModules\bin\Debug\Roblox.Web.HttpModules.dll
Projeto de compilação pronto "C:\Users\Usuário\Downloads\Roblox-2013-novetus-site\Assemblies\Web\HttpModules\Roblox.Web.HttpModules\Roblox.Web.HttpModules.csproj" (destinos padrão).
O projeto "C:\Users\Usuário\Downloads\Roblox-2013-novetus-site\RobloxWebSite.sln" (1) está compilando "C:\Users\Usuário\Downloads\Roblox-2013-novetus-site\Assemblies\Caching\Emcaster\Emcaster.csproj" (31) no nó 1 (destinos padrão).
O arquivo de projeto contém o ToolsVersion="15.0". Esse conjunto de ferramentas é desconhecido ou está ausente, o que talvez possa ser resolvido com a instalação da versão apropriada do MSBuild. Também é possível que a compilação tenha sido forçada para uma versão específica do ToolsVersion por motivo de política. Tratando o projeto como se tivesse o ToolsVersion="4.0". Para obter mais informações, consulte http://go.microsoft.com/fwlink/?LinkId=291333.
GenerateTargetFrameworkMonikerAttribute:
Ignorando o destino "GenerateTargetFrameworkMonikerAttribute" porque todos os arquivos de saída estão atualizados em relação aos arquivos de entrada.
CoreCompile:
Ignorando o destino "CoreCompile" porque todos os arquivos de saída estão atualizados em relação aos arquivos de entrada.
CopyFilesToOutputDirectory:
  Emcaster -> C:\Users\Usuário\Downloads\Roblox-2013-novetus-site\Assemblies\Caching\Emcaster\bin\Debug\Emcaster.dll
Projeto de compilação pronto "C:\Users\Usuário\Downloads\Roblox-2013-novetus-site\Assemblies\Caching\Emcaster\Emcaster.csproj" (destinos padrão).
O projeto "C:\Users\Usuário\Downloads\Roblox-2013-novetus-site\RobloxWebSite.sln" (1) está compilando "C:\Users\Usuário\Downloads\Roblox-2013-novetus-site\Assemblies\Mssql\Roblox.Mssql\Roblox.Mssql.csproj" (32) no nó 1 (destinos padrão).
O arquivo de projeto contém o ToolsVersion="15.0". Esse conjunto de ferramentas é desconhecido ou está ausente, o que talvez possa ser resolvido com a instalação da versão apropriada do MSBuild. Também é possível que a compilação tenha sido forçada para uma versão específica do ToolsVersion por motivo de política. Tratando o projeto como se tivesse o ToolsVersion="4.0". Para obter mais informações, consulte http://go.microsoft.com/fwlink/?LinkId=291333.
GenerateTargetFrameworkMonikerAttribute:
Ignorando o destino "GenerateTargetFrameworkMonikerAttribute" porque todos os arquivos de saída estão atualizados em relação aos arquivos de entrada.
CoreCompile:
Ignorando o destino "CoreCompile" porque todos os arquivos de saída estão atualizados em relação aos arquivos de entrada.
CopyFilesToOutputDirectory:
  Roblox.Mssql -> C:\Users\Usuário\Downloads\Roblox-2013-novetus-site\Assemblies\Mssql\Roblox.Mssql\bin\Debug\Roblox.Mssql.dll
Projeto de compilação pronto "C:\Users\Usuário\Downloads\Roblox-2013-novetus-site\Assemblies\Mssql\Roblox.Mssql\Roblox.Mssql.csproj" (destinos padrão).
O projeto "C:\Users\Usuário\Downloads\Roblox-2013-novetus-site\RobloxWebSite.sln" (1) está compilando "C:\Users\Usuário\Downloads\Roblox-2013-novetus-site\Assemblies\Mssql\Roblox.MssqlDatabases\Roblox.MssqlDatabases.csproj" (33) no nó 1 (destinos padrão).
O arquivo de projeto contém o ToolsVersion="15.0". Esse conjunto de ferramentas é desconhecido ou está ausente, o que talvez possa ser resolvido com a instalação da versão apropriada do MSBuild. Também é possível que a compilação tenha sido forçada para uma versão específica do ToolsVersion por motivo de política. Tratando o projeto como se tivesse o ToolsVersion="4.0". Para obter mais informações, consulte http://go.microsoft.com/fwlink/?LinkId=291333.
GenerateTargetFrameworkMonikerAttribute:
Ignorando o destino "GenerateTargetFrameworkMonikerAttribute" porque todos os arquivos de saída estão atualizados em relação aos arquivos de entrada.
CoreCompile:
Ignorando o destino "CoreCompile" porque todos os arquivos de saída estão atualizados em relação aos arquivos de entrada.
CopyFilesToOutputDirectory:
  Roblox.MssqlDatabases -> C:\Users\Usuário\Downloads\Roblox-2013-novetus-site\Assemblies\Mssql\Roblox.MssqlDatabases\bin\Debug\Roblox.MssqlDatabases.dll
Projeto de compilação pronto "C:\Users\Usuário\Downloads\Roblox-2013-novetus-site\Assemblies\Mssql\Roblox.MssqlDatabases\Roblox.MssqlDatabases.csproj" (destinos padrão).
O projeto "C:\Users\Usuário\Downloads\Roblox-2013-novetus-site\RobloxWebSite.sln" (1) está compilando "C:\Users\Usuário\Downloads\Roblox-2013-novetus-site\Assemblies\Moderation\Roblox.Moderation\Roblox.Moderation.csproj" (34) no nó 1 (destinos padrão).
O arquivo de projeto contém o ToolsVersion="15.0". Esse conjunto de ferramentas é desconhecido ou está ausente, o que talvez possa ser resolvido com a instalação da versão apropriada do MSBuild. Também é possível que a compilação tenha sido forçada para uma versão específica do ToolsVersion por motivo de política. Tratando o projeto como se tivesse o ToolsVersion="4.0". Para obter mais informações, consulte http://go.microsoft.com/fwlink/?LinkId=291333.
GenerateTargetFrameworkMonikerAttribute:
Ignorando o destino "GenerateTargetFrameworkMonikerAttribute" porque todos os arquivos de saída estão atualizados em relação aos arquivos de entrada.
CoreCompile:
  C:\Windows\Microsoft.NET\Framework\v4.0.30319\Csc.exe /noconfig /nowarn:1701,1702 /nostdlib+ /highentropyva+ /reference:"C:\Program Files (x86)\Reference Assemblies\Microsoft\Framework\.NETFramework\v4.7.2\mscorlib.dll" /reference:"C:\Program Files (x86)\Reference Assemblies\Microsoft\Framework\.NETFramework\v4.7.2\System.Core.dll" /debug+ /out:obj\Debug\Roblox.Moderation.dll /subsystemversion:6.00 /target:library /utf8output Stub.cs "C:\Users\Usuário\AppData\Local\Temp\.NETFramework,Version=v4.7.2.AssemblyAttributes.cs"
Stub.cs(12,51): error CS1002: ; esperado [C:\Users\Usuário\Downloads\Roblox-2013-novetus-site\Assemblies\Moderation\Roblox.Moderation\Roblox.Moderation.csproj]
Stub.cs(12,73): error CS1519: Token '{' inválido na declaração de membro class, struct ou interface [C:\Users\Usuário\Downloads\Roblox-2013-novetus-site\Assemblies\Moderation\Roblox.Moderation\Roblox.Moderation.csproj]
Stub.cs(12,78): error CS1519: Token '=' inválido na declaração de membro class, struct ou interface [C:\Users\Usuário\Downloads\Roblox-2013-novetus-site\Assemblies\Moderation\Roblox.Moderation\Roblox.Moderation.csproj]
Stub.cs(12,83): error CS1519: Token '}' inválido na declaração de membro class, struct ou interface [C:\Users\Usuário\Downloads\Roblox-2013-novetus-site\Assemblies\Moderation\Roblox.Moderation\Roblox.Moderation.csproj]
Stub.cs(13,23): error CS1518: Class, delegate, enum, interface ou struct esperado [C:\Users\Usuário\Downloads\Roblox-2013-novetus-site\Assemblies\Moderation\Roblox.Moderation\Roblox.Moderation.csproj]
Stub.cs(13,77): error CS1518: Class, delegate, enum, interface ou struct esperado [C:\Users\Usuário\Downloads\Roblox-2013-novetus-site\Assemblies\Moderation\Roblox.Moderation\Roblox.Moderation.csproj]
Stub.cs(15,23): error CS1518: Class, delegate, enum, interface ou struct esperado [C:\Users\Usuário\Downloads\Roblox-2013-novetus-site\Assemblies\Moderation\Roblox.Moderation\Roblox.Moderation.csproj]
Stub.cs(15,59): error CS1518: Class, delegate, enum, interface ou struct esperado [C:\Users\Usuário\Downloads\Roblox-2013-novetus-site\Assemblies\Moderation\Roblox.Moderation\Roblox.Moderation.csproj]
Stub.cs(16,23): error CS1518: Class, delegate, enum, interface ou struct esperado [C:\Users\Usuário\Downloads\Roblox-2013-novetus-site\Assemblies\Moderation\Roblox.Moderation\Roblox.Moderation.csproj]
Stub.cs(16,59): error CS1518: Class, delegate, enum, interface ou struct esperado [C:\Users\Usuário\Downloads\Roblox-2013-novetus-site\Assemblies\Moderation\Roblox.Moderation\Roblox.Moderation.csproj]
Stub.cs(17,23): error CS1518: Class, delegate, enum, interface ou struct esperado [C:\Users\Usuário\Downloads\Roblox-2013-novetus-site\Assemblies\Moderation\Roblox.Moderation\Roblox.Moderation.csproj]
Stub.cs(17,58): error CS1518: Class, delegate, enum, interface ou struct esperado [C:\Users\Usuário\Downloads\Roblox-2013-novetus-site\Assemblies\Moderation\Roblox.Moderation\Roblox.Moderation.csproj]
Stub.cs(18,23): error CS1518: Class, delegate, enum, interface ou struct esperado [C:\Users\Usuário\Downloads\Roblox-2013-novetus-site\Assemblies\Moderation\Roblox.Moderation\Roblox.Moderation.csproj]
Stub.cs(18,58): error CS1518: Class, delegate, enum, interface ou struct esperado [C:\Users\Usuário\Downloads\Roblox-2013-novetus-site\Assemblies\Moderation\Roblox.Moderation\Roblox.Moderation.csproj]
Stub.cs(19,23): error CS1518: Class, delegate, enum, interface ou struct esperado [C:\Users\Usuário\Downloads\Roblox-2013-novetus-site\Assemblies\Moderation\Roblox.Moderation\Roblox.Moderation.csproj]
Stub.cs(19,58): error CS1518: Class, delegate, enum, interface ou struct esperado [C:\Users\Usuário\Downloads\Roblox-2013-novetus-site\Assemblies\Moderation\Roblox.Moderation\Roblox.Moderation.csproj]
Stub.cs(33,60): error CS1002: ; esperado [C:\Users\Usuário\Downloads\Roblox-2013-novetus-site\Assemblies\Moderation\Roblox.Moderation\Roblox.Moderation.csproj]
Stub.cs(34,13): error CS1519: Token '=>' inválido na declaração de membro class, struct ou interface [C:\Users\Usuário\Downloads\Roblox-2013-novetus-site\Assemblies\Moderation\Roblox.Moderation\Roblox.Moderation.csproj]
Stub.cs(34,36): error CS1519: Token '(' inválido na declaração de membro class, struct ou interface [C:\Users\Usuário\Downloads\Roblox-2013-novetus-site\Assemblies\Moderation\Roblox.Moderation\Roblox.Moderation.csproj]
Stub.cs(36,77): error CS1002: ; esperado [C:\Users\Usuário\Downloads\Roblox-2013-novetus-site\Assemblies\Moderation\Roblox.Moderation\Roblox.Moderation.csproj]
Stub.cs(37,83): error CS1002: ; esperado [C:\Users\Usuário\Downloads\Roblox-2013-novetus-site\Assemblies\Moderation\Roblox.Moderation\Roblox.Moderation.csproj]
Stub.cs(40,60): error CS1002: ; esperado [C:\Users\Usuário\Downloads\Roblox-2013-novetus-site\Assemblies\Moderation\Roblox.Moderation\Roblox.Moderation.csproj]
Stub.cs(41,13): error CS1519: Token '=>' inválido na declaração de membro class, struct ou interface [C:\Users\Usuário\Downloads\Roblox-2013-novetus-site\Assemblies\Moderation\Roblox.Moderation\Roblox.Moderation.csproj]
Stub.cs(41,36): error CS1519: Token '(' inválido na declaração de membro class, struct ou interface [C:\Users\Usuário\Downloads\Roblox-2013-novetus-site\Assemblies\Moderation\Roblox.Moderation\Roblox.Moderation.csproj]
Stub.cs(45,61): error CS1002: ; esperado [C:\Users\Usuário\Downloads\Roblox-2013-novetus-site\Assemblies\Moderation\Roblox.Moderation\Roblox.Moderation.csproj]
Stub.cs(46,13): error CS1519: Token '=>' inválido na declaração de membro class, struct ou interface [C:\Users\Usuário\Downloads\Roblox-2013-novetus-site\Assemblies\Moderation\Roblox.Moderation\Roblox.Moderation.csproj]
Stub.cs(48,1): error CS1022: Definição de namespace ou tipo, ou final do arquivo esperado [C:\Users\Usuário\Downloads\Roblox-2013-novetus-site\Assemblies\Moderation\Roblox.Moderation\Roblox.Moderation.csproj]
Projeto de compilação pronto "C:\Users\Usuário\Downloads\Roblox-2013-novetus-site\Assemblies\Moderation\Roblox.Moderation\Roblox.Moderation.csproj" (destinos padrão) -- FALHA.
O projeto "C:\Users\Usuário\Downloads\Roblox-2013-novetus-site\RobloxWebSite.sln" (1) está compilando "C:\Users\Usuário\Downloads\Roblox-2013-novetus-site\Assemblies\Sentinels\Roblox.Sentinels\Roblox.Sentinels.csproj" (35) no nó 1 (destinos padrão).
O arquivo de projeto contém o ToolsVersion="15.0". Esse conjunto de ferramentas é desconhecido ou está ausente, o que talvez possa ser resolvido com a instalação da versão apropriada do MSBuild. Também é possível que a compilação tenha sido forçada para uma versão específica do ToolsVersion por motivo de política. Tratando o projeto como se tivesse o ToolsVersion="4.0". Para obter mais informações, consulte http://go.microsoft.com/fwlink/?LinkId=291333.
GenerateTargetFrameworkMonikerAttribute:
Ignorando o destino "GenerateTargetFrameworkMonikerAttribute" porque todos os arquivos de saída estão atualizados em relação aos arquivos de entrada.
CoreCompile:
Ignorando o destino "CoreCompile" porque todos os arquivos de saída estão atualizados em relação aos arquivos de entrada.
CopyFilesToOutputDirectory:
  Roblox.Sentinels -> C:\Users\Usuário\Downloads\Roblox-2013-novetus-site\Assemblies\Sentinels\Roblox.Sentinels\bin\Debug\Roblox.Sentinels.dll
Projeto de compilação pronto "C:\Users\Usuário\Downloads\Roblox-2013-novetus-site\Assemblies\Sentinels\Roblox.Sentinels\Roblox.Sentinels.csproj" (destinos padrão).
O projeto "C:\Users\Usuário\Downloads\Roblox-2013-novetus-site\RobloxWebSite.sln" (1) está compilando "C:\Users\Usuário\Downloads\Roblox-2013-novetus-site\Assemblies\Entities\Roblox.Entities.Mssql\Roblox.Entities.Mssql.csproj" (36) no nó 1 (destinos padrão).
O arquivo de projeto contém o ToolsVersion="15.0". Esse conjunto de ferramentas é desconhecido ou está ausente, o que talvez possa ser resolvido com a instalação da versão apropriada do MSBuild. Também é possível que a compilação tenha sido forçada para uma versão específica do ToolsVersion por motivo de política. Tratando o projeto como se tivesse o ToolsVersion="4.0". Para obter mais informações, consulte http://go.microsoft.com/fwlink/?LinkId=291333.
GenerateTargetFrameworkMonikerAttribute:
Ignorando o destino "GenerateTargetFrameworkMonikerAttribute" porque todos os arquivos de saída estão atualizados em relação aos arquivos de entrada.
CoreCompile:
Ignorando o destino "CoreCompile" porque todos os arquivos de saída estão atualizados em relação aos arquivos de entrada.
CopyFilesToOutputDirectory:
  Roblox.Entities.Mssql -> C:\Users\Usuário\Downloads\Roblox-2013-novetus-site\Assemblies\Entities\Roblox.Entities.Mssql\bin\Debug\Roblox.Entities.Mssql.dll
Projeto de compilação pronto "C:\Users\Usuário\Downloads\Roblox-2013-novetus-site\Assemblies\Entities\Roblox.Entities.Mssql\Roblox.Entities.Mssql.csproj" (destinos padrão).
O projeto "C:\Users\Usuário\Downloads\Roblox-2013-novetus-site\RobloxWebSite.sln" (1) está compilando "C:\Users\Usuário\Downloads\Roblox-2013-novetus-site\Assemblies\Showcases\Roblox.Showcases\Roblox.Showcases.csproj" (37) no nó 1 (destinos padrão).
O arquivo de projeto contém o ToolsVersion="15.0". Esse conjunto de ferramentas é desconhecido ou está ausente, o que talvez possa ser resolvido com a instalação da versão apropriada do MSBuild. Também é possível que a compilação tenha sido forçada para uma versão específica do ToolsVersion por motivo de política. Tratando o projeto como se tivesse o ToolsVersion="4.0". Para obter mais informações, consulte http://go.microsoft.com/fwlink/?LinkId=291333.
GenerateTargetFrameworkMonikerAttribute:
Ignorando o destino "GenerateTargetFrameworkMonikerAttribute" porque todos os arquivos de saída estão atualizados em relação aos arquivos de entrada.
CoreCompile:
  C:\Windows\Microsoft.NET\Framework\v4.0.30319\Csc.exe /noconfig /nowarn:1701,1702 /nostdlib+ /highentropyva+ /reference:"C:\Program Files (x86)\Reference Assemblies\Microsoft\Framework\.NETFramework\v4.7.2\mscorlib.dll" /reference:"C:\Program Files (x86)\Reference Assemblies\Microsoft\Framework\.NETFramework\v4.7.2\System.Core.dll" /debug+ /out:obj\Debug\Roblox.Showcases.dll /subsystemversion:6.00 /target:library /utf8output Stub.cs "C:\Users\Usuário\AppData\Local\Temp\.NETFramework,Version=v4.7.2.AssemblyAttributes.cs"
Stub.cs(20,72): error CS1002: ; esperado [C:\Users\Usuário\Downloads\Roblox-2013-novetus-site\Assemblies\Showcases\Roblox.Showcases\Roblox.Showcases.csproj]
Stub.cs(21,13): error CS1519: Token '=>' inválido na declaração de membro class, struct ou interface [C:\Users\Usuário\Downloads\Roblox-2013-novetus-site\Assemblies\Showcases\Roblox.Showcases\Roblox.Showcases.csproj]
Stub.cs(29,65): error CS1002: ; esperado [C:\Users\Usuário\Downloads\Roblox-2013-novetus-site\Assemblies\Showcases\Roblox.Showcases\Roblox.Showcases.csproj]
Stub.cs(30,13): error CS1519: Token '=>' inválido na declaração de membro class, struct ou interface [C:\Users\Usuário\Downloads\Roblox-2013-novetus-site\Assemblies\Showcases\Roblox.Showcases\Roblox.Showcases.csproj]
Stub.cs(30,38): error CS1519: Token '(' inválido na declaração de membro class, struct ou interface [C:\Users\Usuário\Downloads\Roblox-2013-novetus-site\Assemblies\Showcases\Roblox.Showcases\Roblox.Showcases.csproj]
Projeto de compilação pronto "C:\Users\Usuário\Downloads\Roblox-2013-novetus-site\Assemblies\Showcases\Roblox.Showcases\Roblox.Showcases.csproj" (destinos padrão) -- FALHA.
O projeto "C:\Users\Usuário\Downloads\Roblox-2013-novetus-site\RobloxWebSite.sln" (1) está compilando "C:\Users\Usuário\Downloads\Roblox-2013-novetus-site\Assemblies\DataV2\Core\Roblox.DataV2.Core\Roblox.DataV2.Core.csproj" (38) no nó 1 (destinos padrão).
O arquivo de projeto contém o ToolsVersion="15.0". Esse conjunto de ferramentas é desconhecido ou está ausente, o que talvez possa ser resolvido com a instalação da versão apropriada do MSBuild. Também é possível que a compilação tenha sido forçada para uma versão específica do ToolsVersion por motivo de política. Tratando o projeto como se tivesse o ToolsVersion="4.0". Para obter mais informações, consulte http://go.microsoft.com/fwlink/?LinkId=291333.
GenerateTargetFrameworkMonikerAttribute:
Ignorando o destino "GenerateTargetFrameworkMonikerAttribute" porque todos os arquivos de saída estão atualizados em relação aos arquivos de entrada.
CoreCompile:
Ignorando o destino "CoreCompile" porque todos os arquivos de saída estão atualizados em relação aos arquivos de entrada.
CopyFilesToOutputDirectory:
  Roblox.DataV2.Core -> C:\Users\Usuário\Downloads\Roblox-2013-novetus-site\Assemblies\DataV2\Core\Roblox.DataV2.Core\bin\Debug\Roblox.DataV2.Core.dll
Projeto de compilação pronto "C:\Users\Usuário\Downloads\Roblox-2013-novetus-site\Assemblies\DataV2\Core\Roblox.DataV2.Core\Roblox.DataV2.Core.csproj" (destinos padrão).
O projeto "C:\Users\Usuário\Downloads\Roblox-2013-novetus-site\RobloxWebSite.sln" (1) está compilando "C:\Users\Usuário\Downloads\Roblox-2013-novetus-site\Assemblies\Platform\Membership\Roblox.Platform.Membership\Roblox.Platform.Membership.csproj" (39) no nó 1 (destinos padrão).
O arquivo de projeto contém o ToolsVersion="15.0". Esse conjunto de ferramentas é desconhecido ou está ausente, o que talvez possa ser resolvido com a instalação da versão apropriada do MSBuild. Também é possível que a compilação tenha sido forçada para uma versão específica do ToolsVersion por motivo de política. Tratando o projeto como se tivesse o ToolsVersion="4.0". Para obter mais informações, consulte http://go.microsoft.com/fwlink/?LinkId=291333.
GenerateTargetFrameworkMonikerAttribute:
Ignorando o destino "GenerateTargetFrameworkMonikerAttribute" porque todos os arquivos de saída estão atualizados em relação aos arquivos de entrada.
CoreCompile:
  C:\Windows\Microsoft.NET\Framework\v4.0.30319\Csc.exe /noconfig /nowarn:1701,1702 /nostdlib+ /highentropyva+ /reference:"C:\Program Files (x86)\Reference Assemblies\Microsoft\Framework\.NETFramework\v4.7.2\mscorlib.dll" /reference:"C:\Program Files (x86)\Reference Assemblies\Microsoft\Framework\.NETFramework\v4.7.2\System.Core.dll" /debug+ /out:obj\Debug\Roblox.Platform.Membership.dll /subsystemversion:6.00 /target:library /utf8output Stub.cs "C:\Users\Usuário\AppData\Local\Temp\.NETFramework,Version=v4.7.2.AssemblyAttributes.cs"
Stub.cs(15,32): error CS1002: ; esperado [C:\Users\Usuário\Downloads\Roblox-2013-novetus-site\Assemblies\Platform\Membership\Roblox.Platform.Membership\Roblox.Platform.Membership.csproj]
Stub.cs(15,39): error CS1519: Token ')' inválido na declaração de membro class, struct ou interface [C:\Users\Usuário\Downloads\Roblox-2013-novetus-site\Assemblies\Platform\Membership\Roblox.Platform.Membership\Roblox.Platform.Membership.csproj]
Stub.cs(15,56): error CS1519: Token ';' inválido na declaração de membro class, struct ou interface [C:\Users\Usuário\Downloads\Roblox-2013-novetus-site\Assemblies\Platform\Membership\Roblox.Platform.Membership\Roblox.Platform.Membership.csproj]
Projeto de compilação pronto "C:\Users\Usuário\Downloads\Roblox-2013-novetus-site\Assemblies\Platform\Membership\Roblox.Platform.Membership\Roblox.Platform.Membership.csproj" (destinos padrão) -- FALHA.
O projeto "C:\Users\Usuário\Downloads\Roblox-2013-novetus-site\RobloxWebSite.sln" (1) está compilando "C:\Users\Usuário\Downloads\Roblox-2013-novetus-site\Assemblies\Platform\Membership\Roblox.Platform.Membership.Commands\Roblox.Platform.Membership.Commands.csproj" (40) no nó 1 (destinos padrão).
O arquivo de projeto contém o ToolsVersion="15.0". Esse conjunto de ferramentas é desconhecido ou está ausente, o que talvez possa ser resolvido com a instalação da versão apropriada do MSBuild. Também é possível que a compilação tenha sido forçada para uma versão específica do ToolsVersion por motivo de política. Tratando o projeto como se tivesse o ToolsVersion="4.0". Para obter mais informações, consulte http://go.microsoft.com/fwlink/?LinkId=291333.
GenerateTargetFrameworkMonikerAttribute:
Ignorando o destino "GenerateTargetFrameworkMonikerAttribute" porque todos os arquivos de saída estão atualizados em relação aos arquivos de entrada.
CoreCompile:
Ignorando o destino "CoreCompile" porque todos os arquivos de saída estão atualizados em relação aos arquivos de entrada.
CopyFilesToOutputDirectory:
  Roblox.Platform.Membership.Commands -> C:\Users\Usuário\Downloads\Roblox-2013-novetus-site\Assemblies\Platform\Membership\Roblox.Platform.Membership.Commands\bin\Debug\Roblox.Platform.Membership.Commands.dll
Projeto de compilação pronto "C:\Users\Usuário\Downloads\Roblox-2013-novetus-site\Assemblies\Platform\Membership\Roblox.Platform.Membership.Commands\Roblox.Platform.Membership.Commands.csproj" (destinos padrão).
O projeto "C:\Users\Usuário\Downloads\Roblox-2013-novetus-site\RobloxWebSite.sln" (1) está compilando "C:\Users\Usuário\Downloads\Roblox-2013-novetus-site\Assemblies\Platform\Roles\Roblox.Platform.Roles\Roblox.Platform.Roles.csproj" (41) no nó 1 (destinos padrão).
O arquivo de projeto contém o ToolsVersion="15.0". Esse conjunto de ferramentas é desconhecido ou está ausente, o que talvez possa ser resolvido com a instalação da versão apropriada do MSBuild. Também é possível que a compilação tenha sido forçada para uma versão específica do ToolsVersion por motivo de política. Tratando o projeto como se tivesse o ToolsVersion="4.0". Para obter mais informações, consulte http://go.microsoft.com/fwlink/?LinkId=291333.
GenerateTargetFrameworkMonikerAttribute:
Ignorando o destino "GenerateTargetFrameworkMonikerAttribute" porque todos os arquivos de saída estão atualizados em relação aos arquivos de entrada.
CoreCompile:
  C:\Windows\Microsoft.NET\Framework\v4.0.30319\Csc.exe /noconfig /nowarn:1701,1702 /nostdlib+ /highentropyva+ /reference:"C:\Program Files (x86)\Reference Assemblies\Microsoft\Framework\.NETFramework\v4.7.2\mscorlib.dll" /reference:"C:\Program Files (x86)\Reference Assemblies\Microsoft\Framework\.NETFramework\v4.7.2\System.Core.dll" /debug+ /out:obj\Debug\Roblox.Platform.Roles.dll /subsystemversion:6.00 /target:library /utf8output Stub.cs "C:\Users\Usuário\AppData\Local\Temp\.NETFramework,Version=v4.7.2.AssemblyAttributes.cs"
Stub.cs(2,23): error CS0234: O nome do namespace ou o tipo 'Membership' não existe no namespace 'Roblox.Platform'. Precisa de uma referência de assembly? [C:\Users\Usuário\Downloads\Roblox-2013-novetus-site\Assemblies\Platform\Roles\Roblox.Platform.Roles\Roblox.Platform.Roles.csproj]
Stub.cs(22,16): error CS0246: O nome de namespace ou o tipo 'IRoleSetValidator' não pôde ser encontrado. Precisa de uma diretiva using ou de uma referência de assembly? [C:\Users\Usuário\Downloads\Roblox-2013-novetus-site\Assemblies\Platform\Roles\Roblox.Platform.Roles\Roblox.Platform.Roles.csproj]
Projeto de compilação pronto "C:\Users\Usuário\Downloads\Roblox-2013-novetus-site\Assemblies\Platform\Roles\Roblox.Platform.Roles\Roblox.Platform.Roles.csproj" (destinos padrão) -- FALHA.
O projeto "C:\Users\Usuário\Downloads\Roblox-2013-novetus-site\RobloxWebSite.sln" (1) está compilando "C:\Users\Usuário\Downloads\Roblox-2013-novetus-site\Assemblies\Platform\Email\Roblox.Platform.Email\Roblox.Platform.Email.csproj" (42) no nó 1 (destinos padrão).
O arquivo de projeto contém o ToolsVersion="15.0". Esse conjunto de ferramentas é desconhecido ou está ausente, o que talvez possa ser resolvido com a instalação da versão apropriada do MSBuild. Também é possível que a compilação tenha sido forçada para uma versão específica do ToolsVersion por motivo de política. Tratando o projeto como se tivesse o ToolsVersion="4.0". Para obter mais informações, consulte http://go.microsoft.com/fwlink/?LinkId=291333.
GenerateTargetFrameworkMonikerAttribute:
Ignorando o destino "GenerateTargetFrameworkMonikerAttribute" porque todos os arquivos de saída estão atualizados em relação aos arquivos de entrada.
CoreCompile:
  C:\Windows\Microsoft.NET\Framework\v4.0.30319\Csc.exe /noconfig /nowarn:1701,1702 /nostdlib+ /highentropyva+ /reference:"C:\Program Files (x86)\Reference Assemblies\Microsoft\Framework\.NETFramework\v4.7.2\mscorlib.dll" /reference:"C:\Program Files (x86)\Reference Assemblies\Microsoft\Framework\.NETFramework\v4.7.2\System.Core.dll" /debug+ /out:obj\Debug\Roblox.Platform.Email.dll /subsystemversion:6.00 /target:library /utf8output Stub.cs "C:\Users\Usuário\AppData\Local\Temp\.NETFramework,Version=v4.7.2.AssemblyAttributes.cs"
Stub.cs(1,23): error CS0234: O nome do namespace ou o tipo 'Membership' não existe no namespace 'Roblox.Platform'. Precisa de uma referência de assembly? [C:\Users\Usuário\Downloads\Roblox-2013-novetus-site\Assemblies\Platform\Email\Roblox.Platform.Email\Roblox.Platform.Email.csproj]
Stub.cs(18,39): error CS0246: O nome de namespace ou o tipo 'IUser' não pôde ser encontrado. Precisa de uma diretiva using ou de uma referência de assembly? [C:\Users\Usuário\Downloads\Roblox-2013-novetus-site\Assemblies\Platform\Email\Roblox.Platform.Email\Roblox.Platform.Email.csproj]
Projeto de compilação pronto "C:\Users\Usuário\Downloads\Roblox-2013-novetus-site\Assemblies\Platform\Email\Roblox.Platform.Email\Roblox.Platform.Email.csproj" (destinos padrão) -- FALHA.
O projeto "C:\Users\Usuário\Downloads\Roblox-2013-novetus-site\RobloxWebSite.sln" (1) está compilando "C:\Users\Usuário\Downloads\Roblox-2013-novetus-site\Assemblies\Platform\Core\Roblox.Platform.Core\Roblox.Platform.Core.csproj" (43) no nó 1 (destinos padrão).
O arquivo de projeto contém o ToolsVersion="15.0". Esse conjunto de ferramentas é desconhecido ou está ausente, o que talvez possa ser resolvido com a instalação da versão apropriada do MSBuild. Também é possível que a compilação tenha sido forçada para uma versão específica do ToolsVersion por motivo de política. Tratando o projeto como se tivesse o ToolsVersion="4.0". Para obter mais informações, consulte http://go.microsoft.com/fwlink/?LinkId=291333.
GenerateTargetFrameworkMonikerAttribute:
Ignorando o destino "GenerateTargetFrameworkMonikerAttribute" porque todos os arquivos de saída estão atualizados em relação aos arquivos de entrada.
CoreCompile:
Ignorando o destino "CoreCompile" porque todos os arquivos de saída estão atualizados em relação aos arquivos de entrada.
CopyFilesToOutputDirectory:
  Roblox.Platform.Core -> C:\Users\Usuário\Downloads\Roblox-2013-novetus-site\Assemblies\Platform\Core\Roblox.Platform.Core\bin\Debug\Roblox.Platform.Core.dll
Projeto de compilação pronto "C:\Users\Usuário\Downloads\Roblox-2013-novetus-site\Assemblies\Platform\Core\Roblox.Platform.Core\Roblox.Platform.Core.csproj" (destinos padrão).
O projeto "C:\Users\Usuário\Downloads\Roblox-2013-novetus-site\RobloxWebSite.sln" (1) está compilando "C:\Users\Usuário\Downloads\Roblox-2013-novetus-site\Assemblies\IpAddresses\Roblox.IpAddresses\Roblox.IpAddresses.csproj" (44) no nó 1 (destinos padrão).
O arquivo de projeto contém o ToolsVersion="15.0". Esse conjunto de ferramentas é desconhecido ou está ausente, o que talvez possa ser resolvido com a instalação da versão apropriada do MSBuild. Também é possível que a compilação tenha sido forçada para uma versão específica do ToolsVersion por motivo de política. Tratando o projeto como se tivesse o ToolsVersion="4.0". Para obter mais informações, consulte http://go.microsoft.com/fwlink/?LinkId=291333.
GenerateTargetFrameworkMonikerAttribute:
Ignorando o destino "GenerateTargetFrameworkMonikerAttribute" porque todos os arquivos de saída estão atualizados em relação aos arquivos de entrada.
CoreCompile:
Ignorando o destino "CoreCompile" porque todos os arquivos de saída estão atualizados em relação aos arquivos de entrada.
CopyFilesToOutputDirectory:
  Roblox.IpAddresses -> C:\Users\Usuário\Downloads\Roblox-2013-novetus-site\Assemblies\IpAddresses\Roblox.IpAddresses\bin\Debug\Roblox.IpAddresses.dll
Projeto de compilação pronto "C:\Users\Usuário\Downloads\Roblox-2013-novetus-site\Assemblies\IpAddresses\Roblox.IpAddresses\Roblox.IpAddresses.csproj" (destinos padrão).
O projeto "C:\Users\Usuário\Downloads\Roblox-2013-novetus-site\RobloxWebSite.sln" (1) está compilando "C:\Users\Usuário\Downloads\Roblox-2013-novetus-site\Assemblies\Platform\Membership\Roblox.Platform.Membership.Core\Roblox.Platform.Membership.Core.csproj" (45) no nó 1 (destinos padrão).
O arquivo de projeto contém o ToolsVersion="15.0". Esse conjunto de ferramentas é desconhecido ou está ausente, o que talvez possa ser resolvido com a instalação da versão apropriada do MSBuild. Também é possível que a compilação tenha sido forçada para uma versão específica do ToolsVersion por motivo de política. Tratando o projeto como se tivesse o ToolsVersion="4.0". Para obter mais informações, consulte http://go.microsoft.com/fwlink/?LinkId=291333.
GenerateTargetFrameworkMonikerAttribute:
Ignorando o destino "GenerateTargetFrameworkMonikerAttribute" porque todos os arquivos de saída estão atualizados em relação aos arquivos de entrada.
CoreCompile:
Ignorando o destino "CoreCompile" porque todos os arquivos de saída estão atualizados em relação aos arquivos de entrada.
CopyFilesToOutputDirectory:
  Roblox.Platform.Membership.Core -> C:\Users\Usuário\Downloads\Roblox-2013-novetus-site\Assemblies\Platform\Membership\Roblox.Platform.Membership.Core\bin\Debug\Roblox.Platform.Membership.Core.dll
Projeto de compilação pronto "C:\Users\Usuário\Downloads\Roblox-2013-novetus-site\Assemblies\Platform\Membership\Roblox.Platform.Membership.Core\Roblox.Platform.Membership.Core.csproj" (destinos padrão).
O projeto "C:\Users\Usuário\Downloads\Roblox-2013-novetus-site\RobloxWebSite.sln" (1) está compilando "C:\Users\Usuário\Downloads\Roblox-2013-novetus-site\Assemblies\Platform\Roles\Roblox.Platform.Roles.Core\Roblox.Platform.Roles.Core.csproj" (46) no nó 1 (destinos padrão).
O arquivo de projeto contém o ToolsVersion="15.0". Esse conjunto de ferramentas é desconhecido ou está ausente, o que talvez possa ser resolvido com a instalação da versão apropriada do MSBuild. Também é possível que a compilação tenha sido forçada para uma versão específica do ToolsVersion por motivo de política. Tratando o projeto como se tivesse o ToolsVersion="4.0". Para obter mais informações, consulte http://go.microsoft.com/fwlink/?LinkId=291333.
GenerateTargetFrameworkMonikerAttribute:
Ignorando o destino "GenerateTargetFrameworkMonikerAttribute" porque todos os arquivos de saída estão atualizados em relação aos arquivos de entrada.
CoreCompile:
Ignorando o destino "CoreCompile" porque todos os arquivos de saída estão atualizados em relação aos arquivos de entrada.
CopyFilesToOutputDirectory:
  Roblox.Platform.Roles.Core -> C:\Users\Usuário\Downloads\Roblox-2013-novetus-site\Assemblies\Platform\Roles\Roblox.Platform.Roles.Core\bin\Debug\Roblox.Platform.Roles.Core.dll
Projeto de compilação pronto "C:\Users\Usuário\Downloads\Roblox-2013-novetus-site\Assemblies\Platform\Roles\Roblox.Platform.Roles.Core\Roblox.Platform.Roles.Core.csproj" (destinos padrão).
O projeto "C:\Users\Usuário\Downloads\Roblox-2013-novetus-site\RobloxWebSite.sln" (1) está compilando "C:\Users\Usuário\Downloads\Roblox-2013-novetus-site\Assemblies\LightUtils\Roblox.LightUtils\Roblox.LightUtils.csproj" (47) no nó 1 (destinos padrão).
O arquivo de projeto contém o ToolsVersion="15.0". Esse conjunto de ferramentas é desconhecido ou está ausente, o que talvez possa ser resolvido com a instalação da versão apropriada do MSBuild. Também é possível que a compilação tenha sido forçada para uma versão específica do ToolsVersion por motivo de política. Tratando o projeto como se tivesse o ToolsVersion="4.0". Para obter mais informações, consulte http://go.microsoft.com/fwlink/?LinkId=291333.
GenerateTargetFrameworkMonikerAttribute:
Ignorando o destino "GenerateTargetFrameworkMonikerAttribute" porque todos os arquivos de saída estão atualizados em relação aos arquivos de entrada.
CoreCompile:
Ignorando o destino "CoreCompile" porque todos os arquivos de saída estão atualizados em relação aos arquivos de entrada.
CopyFilesToOutputDirectory:
  Roblox.LightUtils -> C:\Users\Usuário\Downloads\Roblox-2013-novetus-site\Assemblies\LightUtils\Roblox.LightUtils\bin\Debug\Roblox.LightUtils.dll
Projeto de compilação pronto "C:\Users\Usuário\Downloads\Roblox-2013-novetus-site\Assemblies\LightUtils\Roblox.LightUtils\Roblox.LightUtils.csproj" (destinos padrão).
O projeto "C:\Users\Usuário\Downloads\Roblox-2013-novetus-site\RobloxWebSite.sln" (1) está compilando "C:\Users\Usuário\Downloads\Roblox-2013-novetus-site\Assemblies\LightUtils\Redis\Roblox.LightUtils.Redis\Roblox.LightUtils.Redis.csproj" (48) no nó 1 (destinos padrão).
O arquivo de projeto contém o ToolsVersion="15.0". Esse conjunto de ferramentas é desconhecido ou está ausente, o que talvez possa ser resolvido com a instalação da versão apropriada do MSBuild. Também é possível que a compilação tenha sido forçada para uma versão específica do ToolsVersion por motivo de política. Tratando o projeto como se tivesse o ToolsVersion="4.0". Para obter mais informações, consulte http://go.microsoft.com/fwlink/?LinkId=291333.
GenerateTargetFrameworkMonikerAttribute:
Ignorando o destino "GenerateTargetFrameworkMonikerAttribute" porque todos os arquivos de saída estão atualizados em relação aos arquivos de entrada.
CoreCompile:
Ignorando o destino "CoreCompile" porque todos os arquivos de saída estão atualizados em relação aos arquivos de entrada.
CopyFilesToOutputDirectory:
  Roblox.LightUtils.Redis -> C:\Users\Usuário\Downloads\Roblox-2013-novetus-site\Assemblies\LightUtils\Redis\Roblox.LightUtils.Redis\bin\Debug\Roblox.LightUtils.Redis.dll
Projeto de compilação pronto "C:\Users\Usuário\Downloads\Roblox-2013-novetus-site\Assemblies\LightUtils\Redis\Roblox.LightUtils.Redis\Roblox.LightUtils.Redis.csproj" (destinos padrão).
O projeto "C:\Users\Usuário\Downloads\Roblox-2013-novetus-site\RobloxWebSite.sln" (1) está compilando "C:\Users\Usuário\Downloads\Roblox-2013-novetus-site\Assemblies\Redis\Roblox.Redis\Roblox.Redis.csproj" (49) no nó 1 (destinos padrão).
O arquivo de projeto contém o ToolsVersion="15.0". Esse conjunto de ferramentas é desconhecido ou está ausente, o que talvez possa ser resolvido com a instalação da versão apropriada do MSBuild. Também é possível que a compilação tenha sido forçada para uma versão específica do ToolsVersion por motivo de política. Tratando o projeto como se tivesse o ToolsVersion="4.0". Para obter mais informações, consulte http://go.microsoft.com/fwlink/?LinkId=291333.
GenerateTargetFrameworkMonikerAttribute:
Ignorando o destino "GenerateTargetFrameworkMonikerAttribute" porque todos os arquivos de saída estão atualizados em relação aos arquivos de entrada.
CoreCompile:
Ignorando o destino "CoreCompile" porque todos os arquivos de saída estão atualizados em relação aos arquivos de entrada.
CopyFilesToOutputDirectory:
  Roblox.Redis -> C:\Users\Usuário\Downloads\Roblox-2013-novetus-site\Assemblies\Redis\Roblox.Redis\bin\Debug\Roblox.Redis.dll
Projeto de compilação pronto "C:\Users\Usuário\Downloads\Roblox-2013-novetus-site\Assemblies\Redis\Roblox.Redis\Roblox.Redis.csproj" (destinos padrão).
O projeto "C:\Users\Usuário\Downloads\Roblox-2013-novetus-site\RobloxWebSite.sln" (1) está compilando "C:\Users\Usuário\Downloads\Roblox-2013-novetus-site\Assemblies\Common\Roblox.Common.NetStandard\Roblox.Common.NetStandard.csproj" (50) no nó 1 (destinos padrão).
O arquivo de projeto contém o ToolsVersion="15.0". Esse conjunto de ferramentas é desconhecido ou está ausente, o que talvez possa ser resolvido com a instalação da versão apropriada do MSBuild. Também é possível que a compilação tenha sido forçada para uma versão específica do ToolsVersion por motivo de política. Tratando o projeto como se tivesse o ToolsVersion="4.0". Para obter mais informações, consulte http://go.microsoft.com/fwlink/?LinkId=291333.
GenerateTargetFrameworkMonikerAttribute:
Ignorando o destino "GenerateTargetFrameworkMonikerAttribute" porque todos os arquivos de saída estão atualizados em relação aos arquivos de entrada.
CoreCompile:
Ignorando o destino "CoreCompile" porque todos os arquivos de saída estão atualizados em relação aos arquivos de entrada.
CopyFilesToOutputDirectory:
  Roblox.Common.NetStandard -> C:\Users\Usuário\Downloads\Roblox-2013-novetus-site\Assemblies\Common\Roblox.Common.NetStandard\bin\Debug\Roblox.Common.NetStandard.dll
Projeto de compilação pronto "C:\Users\Usuário\Downloads\Roblox-2013-novetus-site\Assemblies\Common\Roblox.Common.NetStandard\Roblox.Common.NetStandard.csproj" (destinos padrão).
O projeto "C:\Users\Usuário\Downloads\Roblox-2013-novetus-site\RobloxWebSite.sln" (1) está compilando "C:\Users\Usuário\Downloads\Roblox-2013-novetus-site\Assemblies\EntityFrameworkCore\Roblox.EntityFrameworkCore\Roblox.EntityFrameworkCore.csproj" (51) no nó 1 (destinos padrão).
O arquivo de projeto contém o ToolsVersion="15.0". Esse conjunto de ferramentas é desconhecido ou está ausente, o que talvez possa ser resolvido com a instalação da versão apropriada do MSBuild. Também é possível que a compilação tenha sido forçada para uma versão específica do ToolsVersion por motivo de política. Tratando o projeto como se tivesse o ToolsVersion="4.0". Para obter mais informações, consulte http://go.microsoft.com/fwlink/?LinkId=291333.
GenerateTargetFrameworkMonikerAttribute:
Ignorando o destino "GenerateTargetFrameworkMonikerAttribute" porque todos os arquivos de saída estão atualizados em relação aos arquivos de entrada.
CoreCompile:
Ignorando o destino "CoreCompile" porque todos os arquivos de saída estão atualizados em relação aos arquivos de entrada.
CopyFilesToOutputDirectory:
  Roblox.EntityFrameworkCore -> C:\Users\Usuário\Downloads\Roblox-2013-novetus-site\Assemblies\EntityFrameworkCore\Roblox.EntityFrameworkCore\bin\Debug\Roblox.EntityFrameworkCore.dll
Projeto de compilação pronto "C:\Users\Usuário\Downloads\Roblox-2013-novetus-site\Assemblies\EntityFrameworkCore\Roblox.EntityFrameworkCore\Roblox.EntityFrameworkCore.csproj" (destinos padrão).
O projeto "C:\Users\Usuário\Downloads\Roblox-2013-novetus-site\RobloxWebSite.sln" (1) está compilando "C:\Users\Usuário\Downloads\Roblox-2013-novetus-site\Assemblies\Databases\Roblox.Databases\Roblox.Databases.csproj" (52) no nó 1 (destinos padrão).
O arquivo de projeto contém o ToolsVersion="15.0". Esse conjunto de ferramentas é desconhecido ou está ausente, o que talvez possa ser resolvido com a instalação da versão apropriada do MSBuild. Também é possível que a compilação tenha sido forçada para uma versão específica do ToolsVersion por motivo de política. Tratando o projeto como se tivesse o ToolsVersion="4.0". Para obter mais informações, consulte http://go.microsoft.com/fwlink/?LinkId=291333.
GenerateTargetFrameworkMonikerAttribute:
Ignorando o destino "GenerateTargetFrameworkMonikerAttribute" porque todos os arquivos de saída estão atualizados em relação aos arquivos de entrada.
CoreCompile:
Ignorando o destino "CoreCompile" porque todos os arquivos de saída estão atualizados em relação aos arquivos de entrada.
CopyFilesToOutputDirectory:
  Roblox.Databases -> C:\Users\Usuário\Downloads\Roblox-2013-novetus-site\Assemblies\Databases\Roblox.Databases\bin\Debug\Roblox.Databases.dll
Projeto de compilação pronto "C:\Users\Usuário\Downloads\Roblox-2013-novetus-site\Assemblies\Databases\Roblox.Databases\Roblox.Databases.csproj" (destinos padrão).
O projeto "C:\Users\Usuário\Downloads\Roblox-2013-novetus-site\RobloxWebSite.sln" (1) está compilando "C:\Users\Usuário\Downloads\Roblox-2013-novetus-site\Assemblies\Users\Roblox.Users\Roblox.Users.csproj" (53) no nó 1 (destinos padrão).
O arquivo de projeto contém o ToolsVersion="15.0". Esse conjunto de ferramentas é desconhecido ou está ausente, o que talvez possa ser resolvido com a instalação da versão apropriada do MSBuild. Também é possível que a compilação tenha sido forçada para uma versão específica do ToolsVersion por motivo de política. Tratando o projeto como se tivesse o ToolsVersion="4.0". Para obter mais informações, consulte http://go.microsoft.com/fwlink/?LinkId=291333.
GenerateTargetFrameworkMonikerAttribute:
Ignorando o destino "GenerateTargetFrameworkMonikerAttribute" porque todos os arquivos de saída estão atualizados em relação aos arquivos de entrada.
CoreCompile:
  C:\Windows\Microsoft.NET\Framework\v4.0.30319\Csc.exe /noconfig /nowarn:1701,1702 /nostdlib+ /highentropyva+ /reference:"C:\Program Files (x86)\Reference Assemblies\Microsoft\Framework\.NETFramework\v4.7.2\mscorlib.dll" /reference:"C:\Program Files (x86)\Reference Assemblies\Microsoft\Framework\.NETFramework\v4.7.2\System.Core.dll" /debug+ /out:obj\Debug\Roblox.Users.dll /subsystemversion:6.00 /target:library /utf8output Stub.cs "C:\Users\Usuário\AppData\Local\Temp\.NETFramework,Version=v4.7.2.AssemblyAttributes.cs"
Stub.cs(9,40): error CS1002: ; esperado [C:\Users\Usuário\Downloads\Roblox-2013-novetus-site\Assemblies\Users\Roblox.Users\Roblox.Users.csproj]
Stub.cs(9,61): error CS1519: Token '{' inválido na declaração de membro class, struct ou interface [C:\Users\Usuário\Downloads\Roblox-2013-novetus-site\Assemblies\Users\Roblox.Users\Roblox.Users.csproj]
Stub.cs(9,69): error CS1519: Token '=' inválido na declaração de membro class, struct ou interface [C:\Users\Usuário\Downloads\Roblox-2013-novetus-site\Assemblies\Users\Roblox.Users\Roblox.Users.csproj]
Stub.cs(9,80): error CS1519: Token '=' inválido na declaração de membro class, struct ou interface [C:\Users\Usuário\Downloads\Roblox-2013-novetus-site\Assemblies\Users\Roblox.Users\Roblox.Users.csproj]
Stub.cs(10,23): error CS1518: Class, delegate, enum, interface ou struct esperado [C:\Users\Usuário\Downloads\Roblox-2013-novetus-site\Assemblies\Users\Roblox.Users\Roblox.Users.csproj]
Stub.cs(10,61): error CS1518: Class, delegate, enum, interface ou struct esperado [C:\Users\Usuário\Downloads\Roblox-2013-novetus-site\Assemblies\Users\Roblox.Users\Roblox.Users.csproj]
Stub.cs(21,55): error CS1002: ; esperado [C:\Users\Usuário\Downloads\Roblox-2013-novetus-site\Assemblies\Users\Roblox.Users\Roblox.Users.csproj]
Stub.cs(21,70): error CS1519: Token '{' inválido na declaração de membro class, struct ou interface [C:\Users\Usuário\Downloads\Roblox-2013-novetus-site\Assemblies\Users\Roblox.Users\Roblox.Users.csproj]
Stub.cs(21,75): error CS1519: Token '=' inválido na declaração de membro class, struct ou interface [C:\Users\Usuário\Downloads\Roblox-2013-novetus-site\Assemblies\Users\Roblox.Users\Roblox.Users.csproj]
Stub.cs(21,87): error CS1519: Token '}' inválido na declaração de membro class, struct ou interface [C:\Users\Usuário\Downloads\Roblox-2013-novetus-site\Assemblies\Users\Roblox.Users\Roblox.Users.csproj]
Stub.cs(22,16): error CS1518: Class, delegate, enum, interface ou struct esperado [C:\Users\Usuário\Downloads\Roblox-2013-novetus-site\Assemblies\Users\Roblox.Users\Roblox.Users.csproj]
Stub.cs(23,5): error CS1022: Definição de namespace ou tipo, ou final do arquivo esperado [C:\Users\Usuário\Downloads\Roblox-2013-novetus-site\Assemblies\Users\Roblox.Users\Roblox.Users.csproj]
Projeto de compilação pronto "C:\Users\Usuário\Downloads\Roblox-2013-novetus-site\Assemblies\Users\Roblox.Users\Roblox.Users.csproj" (destinos padrão) -- FALHA.
O projeto "C:\Users\Usuário\Downloads\Roblox-2013-novetus-site\RobloxWebSite.sln" (1) está compilando "C:\Users\Usuário\Downloads\Roblox-2013-novetus-site\Assemblies\Http\Roblox.Http.Client\Roblox.Http.Client.csproj" (54) no nó 1 (destinos padrão).
O arquivo de projeto contém o ToolsVersion="15.0". Esse conjunto de ferramentas é desconhecido ou está ausente, o que talvez possa ser resolvido com a instalação da versão apropriada do MSBuild. Também é possível que a compilação tenha sido forçada para uma versão específica do ToolsVersion por motivo de política. Tratando o projeto como se tivesse o ToolsVersion="4.0". Para obter mais informações, consulte http://go.microsoft.com/fwlink/?LinkId=291333.
GenerateTargetFrameworkMonikerAttribute:
Ignorando o destino "GenerateTargetFrameworkMonikerAttribute" porque todos os arquivos de saída estão atualizados em relação aos arquivos de entrada.
CoreCompile:
Ignorando o destino "CoreCompile" porque todos os arquivos de saída estão atualizados em relação aos arquivos de entrada.
CopyFilesToOutputDirectory:
  Roblox.Http.Client -> C:\Users\Usuário\Downloads\Roblox-2013-novetus-site\Assemblies\Http\Roblox.Http.Client\bin\Debug\Roblox.Http.Client.dll
Projeto de compilação pronto "C:\Users\Usuário\Downloads\Roblox-2013-novetus-site\Assemblies\Http\Roblox.Http.Client\Roblox.Http.Client.csproj" (destinos padrão).
O projeto "C:\Users\Usuário\Downloads\Roblox-2013-novetus-site\RobloxWebSite.sln" (1) está compilando "C:\Users\Usuário\Downloads\Roblox-2013-novetus-site\Assemblies\Http\Roblox.Http.Client.Monitoring\Roblox.Http.Client.Monitoring.csproj" (55) no nó 1 (destinos padrão).
O arquivo de projeto contém o ToolsVersion="15.0". Esse conjunto de ferramentas é desconhecido ou está ausente, o que talvez possa ser resolvido com a instalação da versão apropriada do MSBuild. Também é possível que a compilação tenha sido forçada para uma versão específica do ToolsVersion por motivo de política. Tratando o projeto como se tivesse o ToolsVersion="4.0". Para obter mais informações, consulte http://go.microsoft.com/fwlink/?LinkId=291333.
GenerateTargetFrameworkMonikerAttribute:
Ignorando o destino "GenerateTargetFrameworkMonikerAttribute" porque todos os arquivos de saída estão atualizados em relação aos arquivos de entrada.
CoreCompile:
Ignorando o destino "CoreCompile" porque todos os arquivos de saída estão atualizados em relação aos arquivos de entrada.
CopyFilesToOutputDirectory:
  Roblox.Http.Client.Monitoring -> C:\Users\Usuário\Downloads\Roblox-2013-novetus-site\Assemblies\Http\Roblox.Http.Client.Monitoring\bin\Debug\Roblox.Http.Client.Monitoring.dll
Projeto de compilação pronto "C:\Users\Usuário\Downloads\Roblox-2013-novetus-site\Assemblies\Http\Roblox.Http.Client.Monitoring\Roblox.Http.Client.Monitoring.csproj" (destinos padrão).
O projeto "C:\Users\Usuário\Downloads\Roblox-2013-novetus-site\RobloxWebSite.sln" (1) está compilando "C:\Users\Usuário\Downloads\Roblox-2013-novetus-site\Assemblies\Http\Roblox.Http.ServiceClient\Roblox.Http.ServiceClient.csproj" (56) no nó 1 (destinos padrão).
O arquivo de projeto contém o ToolsVersion="15.0". Esse conjunto de ferramentas é desconhecido ou está ausente, o que talvez possa ser resolvido com a instalação da versão apropriada do MSBuild. Também é possível que a compilação tenha sido forçada para uma versão específica do ToolsVersion por motivo de política. Tratando o projeto como se tivesse o ToolsVersion="4.0". Para obter mais informações, consulte http://go.microsoft.com/fwlink/?LinkId=291333.
GenerateTargetFrameworkMonikerAttribute:
Ignorando o destino "GenerateTargetFrameworkMonikerAttribute" porque todos os arquivos de saída estão atualizados em relação aos arquivos de entrada.
CoreCompile:
Ignorando o destino "CoreCompile" porque todos os arquivos de saída estão atualizados em relação aos arquivos de entrada.
CopyFilesToOutputDirectory:
  Roblox.Http.ServiceClient -> C:\Users\Usuário\Downloads\Roblox-2013-novetus-site\Assemblies\Http\Roblox.Http.ServiceClient\bin\Debug\Roblox.Http.ServiceClient.dll
Projeto de compilação pronto "C:\Users\Usuário\Downloads\Roblox-2013-novetus-site\Assemblies\Http\Roblox.Http.ServiceClient\Roblox.Http.ServiceClient.csproj" (destinos padrão).
O projeto "C:\Users\Usuário\Downloads\Roblox-2013-novetus-site\RobloxWebSite.sln" (1) está compilando "C:\Users\Usuário\Downloads\Roblox-2013-novetus-site\Assemblies\Pipeline\Roblox.Pipeline\Roblox.Pipeline.csproj" (57) no nó 1 (destinos padrão).
O arquivo de projeto contém o ToolsVersion="15.0". Esse conjunto de ferramentas é desconhecido ou está ausente, o que talvez possa ser resolvido com a instalação da versão apropriada do MSBuild. Também é possível que a compilação tenha sido forçada para uma versão específica do ToolsVersion por motivo de política. Tratando o projeto como se tivesse o ToolsVersion="4.0". Para obter mais informações, consulte http://go.microsoft.com/fwlink/?LinkId=291333.
GenerateTargetFrameworkMonikerAttribute:
Ignorando o destino "GenerateTargetFrameworkMonikerAttribute" porque todos os arquivos de saída estão atualizados em relação aos arquivos de entrada.
CoreCompile:
Ignorando o destino "CoreCompile" porque todos os arquivos de saída estão atualizados em relação aos arquivos de entrada.
CopyFilesToOutputDirectory:
  Roblox.Pipeline -> C:\Users\Usuário\Downloads\Roblox-2013-novetus-site\Assemblies\Pipeline\Roblox.Pipeline\bin\Debug\Roblox.Pipeline.dll
Projeto de compilação pronto "C:\Users\Usuário\Downloads\Roblox-2013-novetus-site\Assemblies\Pipeline\Roblox.Pipeline\Roblox.Pipeline.csproj" (destinos padrão).
O projeto "C:\Users\Usuário\Downloads\Roblox-2013-novetus-site\RobloxWebSite.sln" (1) está compilando "C:\Users\Usuário\Downloads\Roblox-2013-novetus-site\Assemblies\Tracing\Roblox.Tracing.Core\Roblox.Tracing.Core.csproj" (58) no nó 1 (destinos padrão).
O arquivo de projeto contém o ToolsVersion="15.0". Esse conjunto de ferramentas é desconhecido ou está ausente, o que talvez possa ser resolvido com a instalação da versão apropriada do MSBuild. Também é possível que a compilação tenha sido forçada para uma versão específica do ToolsVersion por motivo de política. Tratando o projeto como se tivesse o ToolsVersion="4.0". Para obter mais informações, consulte http://go.microsoft.com/fwlink/?LinkId=291333.
GenerateTargetFrameworkMonikerAttribute:
Ignorando o destino "GenerateTargetFrameworkMonikerAttribute" porque todos os arquivos de saída estão atualizados em relação aos arquivos de entrada.
CoreCompile:
Ignorando o destino "CoreCompile" porque todos os arquivos de saída estão atualizados em relação aos arquivos de entrada.
CopyFilesToOutputDirectory:
  Roblox.Tracing.Core -> C:\Users\Usuário\Downloads\Roblox-2013-novetus-site\Assemblies\Tracing\Roblox.Tracing.Core\bin\Debug\Roblox.Tracing.Core.dll
Projeto de compilação pronto "C:\Users\Usuário\Downloads\Roblox-2013-novetus-site\Assemblies\Tracing\Roblox.Tracing.Core\Roblox.Tracing.Core.csproj" (destinos padrão).
O projeto "C:\Users\Usuário\Downloads\Roblox-2013-novetus-site\RobloxWebSite.sln" (1) está compilando "C:\Users\Usuário\Downloads\Roblox-2013-novetus-site\Assemblies\ApiControlPlane\Roblox.ApiControlPlane\Roblox.ApiControlPlane.csproj" (59) no nó 1 (destinos padrão).
O arquivo de projeto contém o ToolsVersion="15.0". Esse conjunto de ferramentas é desconhecido ou está ausente, o que talvez possa ser resolvido com a instalação da versão apropriada do MSBuild. Também é possível que a compilação tenha sido forçada para uma versão específica do ToolsVersion por motivo de política. Tratando o projeto como se tivesse o ToolsVersion="4.0". Para obter mais informações, consulte http://go.microsoft.com/fwlink/?LinkId=291333.
GenerateTargetFrameworkMonikerAttribute:
Ignorando o destino "GenerateTargetFrameworkMonikerAttribute" porque todos os arquivos de saída estão atualizados em relação aos arquivos de entrada.
CoreCompile:
Ignorando o destino "CoreCompile" porque todos os arquivos de saída estão atualizados em relação aos arquivos de entrada.
CopyFilesToOutputDirectory:
  Roblox.ApiControlPlane -> C:\Users\Usuário\Downloads\Roblox-2013-novetus-site\Assemblies\ApiControlPlane\Roblox.ApiControlPlane\bin\Debug\Roblox.ApiControlPlane.dll
Projeto de compilação pronto "C:\Users\Usuário\Downloads\Roblox-2013-novetus-site\Assemblies\ApiControlPlane\Roblox.ApiControlPlane\Roblox.ApiControlPlane.csproj" (destinos padrão).
O projeto "C:\Users\Usuário\Downloads\Roblox-2013-novetus-site\RobloxWebSite.sln" (1) está compilando "C:\Users\Usuário\Downloads\Roblox-2013-novetus-site\Assemblies\Platform\Authentication\Roblox.Platform.Authentication\Roblox.Platform.Authentication.csproj" (60) no nó 1 (destinos padrão).
O arquivo de projeto contém o ToolsVersion="15.0". Esse conjunto de ferramentas é desconhecido ou está ausente, o que talvez possa ser resolvido com a instalação da versão apropriada do MSBuild. Também é possível que a compilação tenha sido forçada para uma versão específica do ToolsVersion por motivo de política. Tratando o projeto como se tivesse o ToolsVersion="4.0". Para obter mais informações, consulte http://go.microsoft.com/fwlink/?LinkId=291333.
GenerateTargetFrameworkMonikerAttribute:
Ignorando o destino "GenerateTargetFrameworkMonikerAttribute" porque todos os arquivos de saída estão atualizados em relação aos arquivos de entrada.
CoreCompile:
Ignorando o destino "CoreCompile" porque todos os arquivos de saída estão atualizados em relação aos arquivos de entrada.
CopyFilesToOutputDirectory:
  Roblox.Platform.Authentication -> C:\Users\Usuário\Downloads\Roblox-2013-novetus-site\Assemblies\Platform\Authentication\Roblox.Platform.Authentication\bin\Debug\Roblox.Platform.Authentication.dll
Projeto de compilação pronto "C:\Users\Usuário\Downloads\Roblox-2013-novetus-site\Assemblies\Platform\Authentication\Roblox.Platform.Authentication\Roblox.Platform.Authentication.csproj" (destinos padrão).
O projeto "C:\Users\Usuário\Downloads\Roblox-2013-novetus-site\RobloxWebSite.sln" (1) está compilando "C:\Users\Usuário\Downloads\Roblox-2013-novetus-site\Assemblies\Platform\Authentication\Roblox.Platform.Authentication.Core\Roblox.Platform.Authentication.Core.csproj" (61) no nó 1 (destinos padrão).
O arquivo de projeto contém o ToolsVersion="15.0". Esse conjunto de ferramentas é desconhecido ou está ausente, o que talvez possa ser resolvido com a instalação da versão apropriada do MSBuild. Também é possível que a compilação tenha sido forçada para uma versão específica do ToolsVersion por motivo de política. Tratando o projeto como se tivesse o ToolsVersion="4.0". Para obter mais informações, consulte http://go.microsoft.com/fwlink/?LinkId=291333.
GenerateTargetFrameworkMonikerAttribute:
Ignorando o destino "GenerateTargetFrameworkMonikerAttribute" porque todos os arquivos de saída estão atualizados em relação aos arquivos de entrada.
CoreCompile:
Ignorando o destino "CoreCompile" porque todos os arquivos de saída estão atualizados em relação aos arquivos de entrada.
CopyFilesToOutputDirectory:
  Roblox.Platform.Authentication.Core -> C:\Users\Usuário\Downloads\Roblox-2013-novetus-site\Assemblies\Platform\Authentication\Roblox.Platform.Authentication.Core\bin\Debug\Roblox.Platform.Authentication.Core.dll
Projeto de compilação pronto "C:\Users\Usuário\Downloads\Roblox-2013-novetus-site\Assemblies\Platform\Authentication\Roblox.Platform.Authentication.Core\Roblox.Platform.Authentication.Core.csproj" (destinos padrão).
O projeto "C:\Users\Usuário\Downloads\Roblox-2013-novetus-site\RobloxWebSite.sln" (1) está compilando "C:\Users\Usuário\Downloads\Roblox-2013-novetus-site\Assemblies\Hashing\Roblox.Hashing\Roblox.Hashing.csproj" (62) no nó 1 (destinos padrão).
O arquivo de projeto contém o ToolsVersion="15.0". Esse conjunto de ferramentas é desconhecido ou está ausente, o que talvez possa ser resolvido com a instalação da versão apropriada do MSBuild. Também é possível que a compilação tenha sido forçada para uma versão específica do ToolsVersion por motivo de política. Tratando o projeto como se tivesse o ToolsVersion="4.0". Para obter mais informações, consulte http://go.microsoft.com/fwlink/?LinkId=291333.
GenerateTargetFrameworkMonikerAttribute:
Ignorando o destino "GenerateTargetFrameworkMonikerAttribute" porque todos os arquivos de saída estão atualizados em relação aos arquivos de entrada.
CoreCompile:
  C:\Windows\Microsoft.NET\Framework\v4.0.30319\Csc.exe /noconfig /nowarn:1701,1702 /nostdlib+ /highentropyva+ /reference:"C:\Program Files (x86)\Reference Assemblies\Microsoft\Framework\.NETFramework\v4.7.2\mscorlib.dll" /reference:"C:\Program Files (x86)\Reference Assemblies\Microsoft\Framework\.NETFramework\v4.7.2\System.Core.dll" /debug+ /out:obj\Debug\Roblox.Hashing.dll /subsystemversion:6.00 /target:library /utf8output Stub.cs "C:\Users\Usuário\AppData\Local\Temp\.NETFramework,Version=v4.7.2.AssemblyAttributes.cs"
Stub.cs(5,58): error CS1002: ; esperado [C:\Users\Usuário\Downloads\Roblox-2013-novetus-site\Assemblies\Hashing\Roblox.Hashing\Roblox.Hashing.csproj]
Stub.cs(5,67): error CS1519: Token '.' inválido na declaração de membro class, struct ou interface [C:\Users\Usuário\Downloads\Roblox-2013-novetus-site\Assemblies\Hashing\Roblox.Hashing\Roblox.Hashing.csproj]
Stub.cs(5,73): error CS1519: Token ';' inválido na declaração de membro class, struct ou interface [C:\Users\Usuário\Downloads\Roblox-2013-novetus-site\Assemblies\Hashing\Roblox.Hashing\Roblox.Hashing.csproj]
Projeto de compilação pronto "C:\Users\Usuário\Downloads\Roblox-2013-novetus-site\Assemblies\Hashing\Roblox.Hashing\Roblox.Hashing.csproj" (destinos padrão) -- FALHA.
O projeto "C:\Users\Usuário\Downloads\Roblox-2013-novetus-site\RobloxWebSite.sln" (1) está compilando "C:\Users\Usuário\Downloads\Roblox-2013-novetus-site\Assemblies\Platform\Security\Roblox.Platform.Security\Roblox.Platform.Security.csproj" (63) no nó 1 (destinos padrão).
O arquivo de projeto contém o ToolsVersion="15.0". Esse conjunto de ferramentas é desconhecido ou está ausente, o que talvez possa ser resolvido com a instalação da versão apropriada do MSBuild. Também é possível que a compilação tenha sido forçada para uma versão específica do ToolsVersion por motivo de política. Tratando o projeto como se tivesse o ToolsVersion="4.0". Para obter mais informações, consulte http://go.microsoft.com/fwlink/?LinkId=291333.
GenerateTargetFrameworkMonikerAttribute:
Ignorando o destino "GenerateTargetFrameworkMonikerAttribute" porque todos os arquivos de saída estão atualizados em relação aos arquivos de entrada.
CoreCompile:
Ignorando o destino "CoreCompile" porque todos os arquivos de saída estão atualizados em relação aos arquivos de entrada.
CopyFilesToOutputDirectory:
  Roblox.Platform.Security -> C:\Users\Usuário\Downloads\Roblox-2013-novetus-site\Assemblies\Platform\Security\Roblox.Platform.Security\bin\Debug\Roblox.Platform.Security.dll
Projeto de compilação pronto "C:\Users\Usuário\Downloads\Roblox-2013-novetus-site\Assemblies\Platform\Security\Roblox.Platform.Security\Roblox.Platform.Security.csproj" (destinos padrão).
O projeto "C:\Users\Usuário\Downloads\Roblox-2013-novetus-site\RobloxWebSite.sln" (1) está compilando "C:\Users\Usuário\Downloads\Roblox-2013-novetus-site\Assemblies\Platform\Security\Roblox.Platform.Security.Core\Roblox.Platform.Security.Core.csproj" (64) no nó 1 (destinos padrão).
O arquivo de projeto contém o ToolsVersion="15.0". Esse conjunto de ferramentas é desconhecido ou está ausente, o que talvez possa ser resolvido com a instalação da versão apropriada do MSBuild. Também é possível que a compilação tenha sido forçada para uma versão específica do ToolsVersion por motivo de política. Tratando o projeto como se tivesse o ToolsVersion="4.0". Para obter mais informações, consulte http://go.microsoft.com/fwlink/?LinkId=291333.
GenerateTargetFrameworkMonikerAttribute:
Ignorando o destino "GenerateTargetFrameworkMonikerAttribute" porque todos os arquivos de saída estão atualizados em relação aos arquivos de entrada.
CoreCompile:
Ignorando o destino "CoreCompile" porque todos os arquivos de saída estão atualizados em relação aos arquivos de entrada.
CopyFilesToOutputDirectory:
  Roblox.Platform.Security.Core -> C:\Users\Usuário\Downloads\Roblox-2013-novetus-site\Assemblies\Platform\Security\Roblox.Platform.Security.Core\bin\Debug\Roblox.Platform.Security.Core.dll
Projeto de compilação pronto "C:\Users\Usuário\Downloads\Roblox-2013-novetus-site\Assemblies\Platform\Security\Roblox.Platform.Security.Core\Roblox.Platform.Security.Core.csproj" (destinos padrão).
O projeto "C:\Users\Usuário\Downloads\Roblox-2013-novetus-site\RobloxWebSite.sln" (1) está compilando "C:\Users\Usuário\Downloads\Roblox-2013-novetus-site\Assemblies\Platform\Email\Roblox.Platform.Email.Core\Roblox.Platform.Email.Core.csproj" (65) no nó 1 (destinos padrão).
O arquivo de projeto contém o ToolsVersion="15.0". Esse conjunto de ferramentas é desconhecido ou está ausente, o que talvez possa ser resolvido com a instalação da versão apropriada do MSBuild. Também é possível que a compilação tenha sido forçada para uma versão específica do ToolsVersion por motivo de política. Tratando o projeto como se tivesse o ToolsVersion="4.0". Para obter mais informações, consulte http://go.microsoft.com/fwlink/?LinkId=291333.
GenerateTargetFrameworkMonikerAttribute:
Ignorando o destino "GenerateTargetFrameworkMonikerAttribute" porque todos os arquivos de saída estão atualizados em relação aos arquivos de entrada.
CoreCompile:
Ignorando o destino "CoreCompile" porque todos os arquivos de saída estão atualizados em relação aos arquivos de entrada.
CopyFilesToOutputDirectory:
  Roblox.Platform.Email.Core -> C:\Users\Usuário\Downloads\Roblox-2013-novetus-site\Assemblies\Platform\Email\Roblox.Platform.Email.Core\bin\Debug\Roblox.Platform.Email.Core.dll
Projeto de compilação pronto "C:\Users\Usuário\Downloads\Roblox-2013-novetus-site\Assemblies\Platform\Email\Roblox.Platform.Email.Core\Roblox.Platform.Email.Core.csproj" (destinos padrão).
O projeto "C:\Users\Usuário\Downloads\Roblox-2013-novetus-site\RobloxWebSite.sln" (1) está compilando "C:\Users\Usuário\Downloads\Roblox-2013-novetus-site\Assemblies\Platform\Email\Roblox.Platform.Email.Entities\Roblox.Platform.Email.Entities.csproj" (66) no nó 1 (destinos padrão).
O arquivo de projeto contém o ToolsVersion="15.0". Esse conjunto de ferramentas é desconhecido ou está ausente, o que talvez possa ser resolvido com a instalação da versão apropriada do MSBuild. Também é possível que a compilação tenha sido forçada para uma versão específica do ToolsVersion por motivo de política. Tratando o projeto como se tivesse o ToolsVersion="4.0". Para obter mais informações, consulte http://go.microsoft.com/fwlink/?LinkId=291333.
GenerateTargetFrameworkMonikerAttribute:
Ignorando o destino "GenerateTargetFrameworkMonikerAttribute" porque todos os arquivos de saída estão atualizados em relação aos arquivos de entrada.
CoreCompile:
Ignorando o destino "CoreCompile" porque todos os arquivos de saída estão atualizados em relação aos arquivos de entrada.
CopyFilesToOutputDirectory:
  Roblox.Platform.Email.Entities -> C:\Users\Usuário\Downloads\Roblox-2013-novetus-site\Assemblies\Platform\Email\Roblox.Platform.Email.Entities\bin\Debug\Roblox.Platform.Email.Entities.dll
Projeto de compilação pronto "C:\Users\Usuário\Downloads\Roblox-2013-novetus-site\Assemblies\Platform\Email\Roblox.Platform.Email.Entities\Roblox.Platform.Email.Entities.csproj" (destinos padrão).
O projeto "C:\Users\Usuário\Downloads\Roblox-2013-novetus-site\RobloxWebSite.sln" (1) está compilando "C:\Users\Usuário\Downloads\Roblox-2013-novetus-site\Assemblies\Platform\Roles\Roblox.Platform.Roles.Entities\Roblox.Platform.Roles.Entities.csproj" (67) no nó 1 (destinos padrão).
O arquivo de projeto contém o ToolsVersion="15.0". Esse conjunto de ferramentas é desconhecido ou está ausente, o que talvez possa ser resolvido com a instalação da versão apropriada do MSBuild. Também é possível que a compilação tenha sido forçada para uma versão específica do ToolsVersion por motivo de política. Tratando o projeto como se tivesse o ToolsVersion="4.0". Para obter mais informações, consulte http://go.microsoft.com/fwlink/?LinkId=291333.
GenerateTargetFrameworkMonikerAttribute:
Ignorando o destino "GenerateTargetFrameworkMonikerAttribute" porque todos os arquivos de saída estão atualizados em relação aos arquivos de entrada.
CoreCompile:
Ignorando o destino "CoreCompile" porque todos os arquivos de saída estão atualizados em relação aos arquivos de entrada.
CopyFilesToOutputDirectory:
  Roblox.Platform.Roles.Entities -> C:\Users\Usuário\Downloads\Roblox-2013-novetus-site\Assemblies\Platform\Roles\Roblox.Platform.Roles.Entities\bin\Debug\Roblox.Platform.Roles.Entities.dll
Projeto de compilação pronto "C:\Users\Usuário\Downloads\Roblox-2013-novetus-site\Assemblies\Platform\Roles\Roblox.Platform.Roles.Entities\Roblox.Platform.Roles.Entities.csproj" (destinos padrão).
O projeto "C:\Users\Usuário\Downloads\Roblox-2013-novetus-site\RobloxWebSite.sln" (1) está compilando "C:\Users\Usuário\Downloads\Roblox-2013-novetus-site\Assemblies\Platform\Authentication\Roblox.Platform.Authentication.Entities\Roblox.Platform.Authentication.Entities.csproj" (68) no nó 1 (destinos padrão).
O arquivo de projeto contém o ToolsVersion="15.0". Esse conjunto de ferramentas é desconhecido ou está ausente, o que talvez possa ser resolvido com a instalação da versão apropriada do MSBuild. Também é possível que a compilação tenha sido forçada para uma versão específica do ToolsVersion por motivo de política. Tratando o projeto como se tivesse o ToolsVersion="4.0". Para obter mais informações, consulte http://go.microsoft.com/fwlink/?LinkId=291333.
GenerateTargetFrameworkMonikerAttribute:
Ignorando o destino "GenerateTargetFrameworkMonikerAttribute" porque todos os arquivos de saída estão atualizados em relação aos arquivos de entrada.
CoreCompile:
Ignorando o destino "CoreCompile" porque todos os arquivos de saída estão atualizados em relação aos arquivos de entrada.
CopyFilesToOutputDirectory:
  Roblox.Platform.Authentication.Entities -> C:\Users\Usuário\Downloads\Roblox-2013-novetus-site\Assemblies\Platform\Authentication\Roblox.Platform.Authentication.Entities\bin\Debug\Roblox.Platform.Authentication.Entities.dll
Projeto de compilação pronto "C:\Users\Usuário\Downloads\Roblox-2013-novetus-site\Assemblies\Platform\Authentication\Roblox.Platform.Authentication.Entities\Roblox.Platform.Authentication.Entities.csproj" (destinos padrão).
Projeto de compilação pronto "C:\Users\Usuário\Downloads\Roblox-2013-novetus-site\RobloxWebSite.sln" (destinos padrão) -- FALHA.

FALHA da compilação.

"C:\Users\Usuário\Downloads\Roblox-2013-novetus-site\RobloxWebSite.sln" (destino padrão) (1) ->
"C:\Users\Usuário\Downloads\Roblox-2013-novetus-site\RobloxWebSite\Roblox.Website.csproj" (destino padrão) (2) ->
  C:\Users\Usuário\Downloads\Roblox-2013-novetus-site\RobloxWebSite\Roblox.Website.csproj(3366,3): error MSB4019: O projeto "C:\Program Files (x86)\MSBuild\Microsoft\VisualStudio\v11.0\WebApplications\Microsoft.WebApplication.targets" importado não foi encontrado. Confirme se o caminho na declaração <Import> está correto e se o arquivo existe no disco.


"C:\Users\Usuário\Downloads\Roblox-2013-novetus-site\RobloxWebSite.sln" (destino padrão) (1) ->
"C:\Users\Usuário\Downloads\Roblox-2013-novetus-site\Assemblies\Infrastructure\Roblox.Farms\Roblox.Farms.csproj" (destino padrão) (21) ->
(CoreCompile destino) -> 
  Stub.cs(6,40): error CS1002: ; esperado [C:\Users\Usuário\Downloads\Roblox-2013-novetus-site\Assemblies\Infrastructure\Roblox.Farms\Roblox.Farms.csproj]


"C:\Users\Usuário\Downloads\Roblox-2013-novetus-site\RobloxWebSite.sln" (destino padrão) (1) ->
"C:\Users\Usuário\Downloads\Roblox-2013-novetus-site\Assemblies\Web\StaticContent\Roblox.Web.StaticContent\Roblox.Web.StaticContent.csproj" (destino padrão) (27) ->
  Stub.cs(10,44): error CS1002: ; esperado [C:\Users\Usuário\Downloads\Roblox-2013-novetus-site\Assemblies\Web\StaticContent\Roblox.Web.StaticContent\Roblox.Web.StaticContent.csproj]
  Stub.cs(10,55): error CS1519: Token ';' inválido na declaração de membro class, struct ou interface [C:\Users\Usuário\Downloads\Roblox-2013-novetus-site\Assemblies\Web\StaticContent\Roblox.Web.StaticContent\Roblox.Web.StaticContent.csproj]
  Stub.cs(11,56): error CS1519: Token '=' inválido na declaração de membro class, struct ou interface [C:\Users\Usuário\Downloads\Roblox-2013-novetus-site\Assemblies\Web\StaticContent\Roblox.Web.StaticContent\Roblox.Web.StaticContent.csproj]
  Stub.cs(12,49): error CS1519: Token '=' inválido na declaração de membro class, struct ou interface [C:\Users\Usuário\Downloads\Roblox-2013-novetus-site\Assemblies\Web\StaticContent\Roblox.Web.StaticContent\Roblox.Web.StaticContent.csproj]
  Stub.cs(18,54): error CS1002: ; esperado [C:\Users\Usuário\Downloads\Roblox-2013-novetus-site\Assemblies\Web\StaticContent\Roblox.Web.StaticContent\Roblox.Web.StaticContent.csproj]
  Stub.cs(18,71): error CS1519: Token ';' inválido na declaração de membro class, struct ou interface [C:\Users\Usuário\Downloads\Roblox-2013-novetus-site\Assemblies\Web\StaticContent\Roblox.Web.StaticContent\Roblox.Web.StaticContent.csproj]
  Stub.cs(23,57): error CS1519: Token '=' inválido na declaração de membro class, struct ou interface [C:\Users\Usuário\Downloads\Roblox-2013-novetus-site\Assemblies\Web\StaticContent\Roblox.Web.StaticContent\Roblox.Web.StaticContent.csproj]
  Stub.cs(23,75): error CS1519: Token '(' inválido na declaração de membro class, struct ou interface [C:\Users\Usuário\Downloads\Roblox-2013-novetus-site\Assemblies\Web\StaticContent\Roblox.Web.StaticContent\Roblox.Web.StaticContent.csproj]
  Stub.cs(24,96): error CS1002: ; esperado [C:\Users\Usuário\Downloads\Roblox-2013-novetus-site\Assemblies\Web\StaticContent\Roblox.Web.StaticContent\Roblox.Web.StaticContent.csproj]
  Stub.cs(29,53): error CS1519: Token '=' inválido na declaração de membro class, struct ou interface [C:\Users\Usuário\Downloads\Roblox-2013-novetus-site\Assemblies\Web\StaticContent\Roblox.Web.StaticContent\Roblox.Web.StaticContent.csproj]
  Stub.cs(29,71): error CS1519: Token '(' inválido na declaração de membro class, struct ou interface [C:\Users\Usuário\Downloads\Roblox-2013-novetus-site\Assemblies\Web\StaticContent\Roblox.Web.StaticContent\Roblox.Web.StaticContent.csproj]
  Stub.cs(30,96): error CS1002: ; esperado [C:\Users\Usuário\Downloads\Roblox-2013-novetus-site\Assemblies\Web\StaticContent\Roblox.Web.StaticContent\Roblox.Web.StaticContent.csproj]


"C:\Users\Usuário\Downloads\Roblox-2013-novetus-site\RobloxWebSite.sln" (destino padrão) (1) ->
"C:\Users\Usuário\Downloads\Roblox-2013-novetus-site\Assemblies\Web\Mvc\Roblox.Web.Mvc.NetFramework\Roblox.Web.Mvc.csproj" (destino padrão) (28) ->
  Stub.cs(2,14): error CS0234: O nome do namespace ou o tipo 'Web' não existe no namespace 'System'. Precisa de uma referência de assembly? [C:\Users\Usuário\Downloads\Roblox-2013-novetus-site\Assemblies\Web\Mvc\Roblox.Web.Mvc.NetFramework\Roblox.Web.Mvc.csproj]
  Stub.cs(7,58): error CS0246: O nome de namespace ou o tipo 'ActionFilterAttribute' não pôde ser encontrado. Precisa de uma diretiva using ou de uma referência de assembly? [C:\Users\Usuário\Downloads\Roblox-2013-novetus-site\Assemblies\Web\Mvc\Roblox.Web.Mvc.NetFramework\Roblox.Web.Mvc.csproj]
  Stub.cs(9,48): error CS0246: O nome de namespace ou o tipo 'ActionExecutingContext' não pôde ser encontrado. Precisa de uma diretiva using ou de uma referência de assembly? [C:\Users\Usuário\Downloads\Roblox-2013-novetus-site\Assemblies\Web\Mvc\Roblox.Web.Mvc.NetFramework\Roblox.Web.Mvc.csproj]


"C:\Users\Usuário\Downloads\Roblox-2013-novetus-site\RobloxWebSite.sln" (destino padrão) (1) ->
"C:\Users\Usuário\Downloads\Roblox-2013-novetus-site\Assemblies\Web\Code\Roblox.Web.Code\Roblox.Web.Code.csproj" (destino padrão) (29) ->
  Stub.cs(8,44): error CS1002: ; esperado [C:\Users\Usuário\Downloads\Roblox-2013-novetus-site\Assemblies\Web\Code\Roblox.Web.Code\Roblox.Web.Code.csproj]
  Stub.cs(8,55): error CS1519: Token ';' inválido na declaração de membro class, struct ou interface [C:\Users\Usuário\Downloads\Roblox-2013-novetus-site\Assemblies\Web\Code\Roblox.Web.Code\Roblox.Web.Code.csproj]
  Stub.cs(10,65): error CS1519: Token '=' inválido na declaração de membro class, struct ou interface [C:\Users\Usuário\Downloads\Roblox-2013-novetus-site\Assemblies\Web\Code\Roblox.Web.Code\Roblox.Web.Code.csproj]
  Stub.cs(11,68): error CS1519: Token '=' inválido na declaração de membro class, struct ou interface [C:\Users\Usuário\Downloads\Roblox-2013-novetus-site\Assemblies\Web\Code\Roblox.Web.Code\Roblox.Web.Code.csproj]
  Stub.cs(11,76): error CS1519: Token '.' inválido na declaração de membro class, struct ou interface [C:\Users\Usuário\Downloads\Roblox-2013-novetus-site\Assemblies\Web\Code\Roblox.Web.Code\Roblox.Web.Code.csproj]
  Stub.cs(11,82): error CS1519: Token ';' inválido na declaração de membro class, struct ou interface [C:\Users\Usuário\Downloads\Roblox-2013-novetus-site\Assemblies\Web\Code\Roblox.Web.Code\Roblox.Web.Code.csproj]
  Stub.cs(12,66): error CS1519: Token '=' inválido na declaração de membro class, struct ou interface [C:\Users\Usuário\Downloads\Roblox-2013-novetus-site\Assemblies\Web\Code\Roblox.Web.Code\Roblox.Web.Code.csproj]
  Stub.cs(12,74): error CS1519: Token '.' inválido na declaração de membro class, struct ou interface [C:\Users\Usuário\Downloads\Roblox-2013-novetus-site\Assemblies\Web\Code\Roblox.Web.Code\Roblox.Web.Code.csproj]
  Stub.cs(12,80): error CS1519: Token ';' inválido na declaração de membro class, struct ou interface [C:\Users\Usuário\Downloads\Roblox-2013-novetus-site\Assemblies\Web\Code\Roblox.Web.Code\Roblox.Web.Code.csproj]
  Stub.cs(13,81): error CS1519: Token '=' inválido na declaração de membro class, struct ou interface [C:\Users\Usuário\Downloads\Roblox-2013-novetus-site\Assemblies\Web\Code\Roblox.Web.Code\Roblox.Web.Code.csproj]
  Stub.cs(13,89): error CS1519: Token '.' inválido na declaração de membro class, struct ou interface [C:\Users\Usuário\Downloads\Roblox-2013-novetus-site\Assemblies\Web\Code\Roblox.Web.Code\Roblox.Web.Code.csproj]
  Stub.cs(13,95): error CS1519: Token ';' inválido na declaração de membro class, struct ou interface [C:\Users\Usuário\Downloads\Roblox-2013-novetus-site\Assemblies\Web\Code\Roblox.Web.Code\Roblox.Web.Code.csproj]
  Stub.cs(21,59): error CS1002: ; esperado [C:\Users\Usuário\Downloads\Roblox-2013-novetus-site\Assemblies\Web\Code\Roblox.Web.Code\Roblox.Web.Code.csproj]
  Stub.cs(21,76): error CS1519: Token '(' inválido na declaração de membro class, struct ou interface [C:\Users\Usuário\Downloads\Roblox-2013-novetus-site\Assemblies\Web\Code\Roblox.Web.Code\Roblox.Web.Code.csproj]


"C:\Users\Usuário\Downloads\Roblox-2013-novetus-site\RobloxWebSite.sln" (destino padrão) (1) ->
"C:\Users\Usuário\Downloads\Roblox-2013-novetus-site\Assemblies\Moderation\Roblox.Moderation\Roblox.Moderation.csproj" (destino padrão) (34) ->
  Stub.cs(12,51): error CS1002: ; esperado [C:\Users\Usuário\Downloads\Roblox-2013-novetus-site\Assemblies\Moderation\Roblox.Moderation\Roblox.Moderation.csproj]
  Stub.cs(12,73): error CS1519: Token '{' inválido na declaração de membro class, struct ou interface [C:\Users\Usuário\Downloads\Roblox-2013-novetus-site\Assemblies\Moderation\Roblox.Moderation\Roblox.Moderation.csproj]
  Stub.cs(12,78): error CS1519: Token '=' inválido na declaração de membro class, struct ou interface [C:\Users\Usuário\Downloads\Roblox-2013-novetus-site\Assemblies\Moderation\Roblox.Moderation\Roblox.Moderation.csproj]
  Stub.cs(12,83): error CS1519: Token '}' inválido na declaração de membro class, struct ou interface [C:\Users\Usuário\Downloads\Roblox-2013-novetus-site\Assemblies\Moderation\Roblox.Moderation\Roblox.Moderation.csproj]
  Stub.cs(13,23): error CS1518: Class, delegate, enum, interface ou struct esperado [C:\Users\Usuário\Downloads\Roblox-2013-novetus-site\Assemblies\Moderation\Roblox.Moderation\Roblox.Moderation.csproj]
  Stub.cs(13,77): error CS1518: Class, delegate, enum, interface ou struct esperado [C:\Users\Usuário\Downloads\Roblox-2013-novetus-site\Assemblies\Moderation\Roblox.Moderation\Roblox.Moderation.csproj]
  Stub.cs(15,23): error CS1518: Class, delegate, enum, interface ou struct esperado [C:\Users\Usuário\Downloads\Roblox-2013-novetus-site\Assemblies\Moderation\Roblox.Moderation\Roblox.Moderation.csproj]
  Stub.cs(15,59): error CS1518: Class, delegate, enum, interface ou struct esperado [C:\Users\Usuário\Downloads\Roblox-2013-novetus-site\Assemblies\Moderation\Roblox.Moderation\Roblox.Moderation.csproj]
  Stub.cs(16,23): error CS1518: Class, delegate, enum, interface ou struct esperado [C:\Users\Usuário\Downloads\Roblox-2013-novetus-site\Assemblies\Moderation\Roblox.Moderation\Roblox.Moderation.csproj]
  Stub.cs(16,59): error CS1518: Class, delegate, enum, interface ou struct esperado [C:\Users\Usuário\Downloads\Roblox-2013-novetus-site\Assemblies\Moderation\Roblox.Moderation\Roblox.Moderation.csproj]
  Stub.cs(17,23): error CS1518: Class, delegate, enum, interface ou struct esperado [C:\Users\Usuário\Downloads\Roblox-2013-novetus-site\Assemblies\Moderation\Roblox.Moderation\Roblox.Moderation.csproj]
  Stub.cs(17,58): error CS1518: Class, delegate, enum, interface ou struct esperado [C:\Users\Usuário\Downloads\Roblox-2013-novetus-site\Assemblies\Moderation\Roblox.Moderation\Roblox.Moderation.csproj]
  Stub.cs(18,23): error CS1518: Class, delegate, enum, interface ou struct esperado [C:\Users\Usuário\Downloads\Roblox-2013-novetus-site\Assemblies\Moderation\Roblox.Moderation\Roblox.Moderation.csproj]
  Stub.cs(18,58): error CS1518: Class, delegate, enum, interface ou struct esperado [C:\Users\Usuário\Downloads\Roblox-2013-novetus-site\Assemblies\Moderation\Roblox.Moderation\Roblox.Moderation.csproj]
  Stub.cs(19,23): error CS1518: Class, delegate, enum, interface ou struct esperado [C:\Users\Usuário\Downloads\Roblox-2013-novetus-site\Assemblies\Moderation\Roblox.Moderation\Roblox.Moderation.csproj]
  Stub.cs(19,58): error CS1518: Class, delegate, enum, interface ou struct esperado [C:\Users\Usuário\Downloads\Roblox-2013-novetus-site\Assemblies\Moderation\Roblox.Moderation\Roblox.Moderation.csproj]
  Stub.cs(33,60): error CS1002: ; esperado [C:\Users\Usuário\Downloads\Roblox-2013-novetus-site\Assemblies\Moderation\Roblox.Moderation\Roblox.Moderation.csproj]
  Stub.cs(34,13): error CS1519: Token '=>' inválido na declaração de membro class, struct ou interface [C:\Users\Usuário\Downloads\Roblox-2013-novetus-site\Assemblies\Moderation\Roblox.Moderation\Roblox.Moderation.csproj]
  Stub.cs(34,36): error CS1519: Token '(' inválido na declaração de membro class, struct ou interface [C:\Users\Usuário\Downloads\Roblox-2013-novetus-site\Assemblies\Moderation\Roblox.Moderation\Roblox.Moderation.csproj]
  Stub.cs(36,77): error CS1002: ; esperado [C:\Users\Usuário\Downloads\Roblox-2013-novetus-site\Assemblies\Moderation\Roblox.Moderation\Roblox.Moderation.csproj]
  Stub.cs(37,83): error CS1002: ; esperado [C:\Users\Usuário\Downloads\Roblox-2013-novetus-site\Assemblies\Moderation\Roblox.Moderation\Roblox.Moderation.csproj]
  Stub.cs(40,60): error CS1002: ; esperado [C:\Users\Usuário\Downloads\Roblox-2013-novetus-site\Assemblies\Moderation\Roblox.Moderation\Roblox.Moderation.csproj]
  Stub.cs(41,13): error CS1519: Token '=>' inválido na declaração de membro class, struct ou interface [C:\Users\Usuário\Downloads\Roblox-2013-novetus-site\Assemblies\Moderation\Roblox.Moderation\Roblox.Moderation.csproj]
  Stub.cs(41,36): error CS1519: Token '(' inválido na declaração de membro class, struct ou interface [C:\Users\Usuário\Downloads\Roblox-2013-novetus-site\Assemblies\Moderation\Roblox.Moderation\Roblox.Moderation.csproj]
  Stub.cs(45,61): error CS1002: ; esperado [C:\Users\Usuário\Downloads\Roblox-2013-novetus-site\Assemblies\Moderation\Roblox.Moderation\Roblox.Moderation.csproj]
  Stub.cs(46,13): error CS1519: Token '=>' inválido na declaração de membro class, struct ou interface [C:\Users\Usuário\Downloads\Roblox-2013-novetus-site\Assemblies\Moderation\Roblox.Moderation\Roblox.Moderation.csproj]
  Stub.cs(48,1): error CS1022: Definição de namespace ou tipo, ou final do arquivo esperado [C:\Users\Usuário\Downloads\Roblox-2013-novetus-site\Assemblies\Moderation\Roblox.Moderation\Roblox.Moderation.csproj]


"C:\Users\Usuário\Downloads\Roblox-2013-novetus-site\RobloxWebSite.sln" (destino padrão) (1) ->
"C:\Users\Usuário\Downloads\Roblox-2013-novetus-site\Assemblies\Showcases\Roblox.Showcases\Roblox.Showcases.csproj" (destino padrão) (37) ->
  Stub.cs(20,72): error CS1002: ; esperado [C:\Users\Usuário\Downloads\Roblox-2013-novetus-site\Assemblies\Showcases\Roblox.Showcases\Roblox.Showcases.csproj]
  Stub.cs(21,13): error CS1519: Token '=>' inválido na declaração de membro class, struct ou interface [C:\Users\Usuário\Downloads\Roblox-2013-novetus-site\Assemblies\Showcases\Roblox.Showcases\Roblox.Showcases.csproj]
  Stub.cs(29,65): error CS1002: ; esperado [C:\Users\Usuário\Downloads\Roblox-2013-novetus-site\Assemblies\Showcases\Roblox.Showcases\Roblox.Showcases.csproj]
  Stub.cs(30,13): error CS1519: Token '=>' inválido na declaração de membro class, struct ou interface [C:\Users\Usuário\Downloads\Roblox-2013-novetus-site\Assemblies\Showcases\Roblox.Showcases\Roblox.Showcases.csproj]
  Stub.cs(30,38): error CS1519: Token '(' inválido na declaração de membro class, struct ou interface [C:\Users\Usuário\Downloads\Roblox-2013-novetus-site\Assemblies\Showcases\Roblox.Showcases\Roblox.Showcases.csproj]


"C:\Users\Usuário\Downloads\Roblox-2013-novetus-site\RobloxWebSite.sln" (destino padrão) (1) ->
"C:\Users\Usuário\Downloads\Roblox-2013-novetus-site\Assemblies\Platform\Membership\Roblox.Platform.Membership\Roblox.Platform.Membership.csproj" (destino padrão) (39) ->
  Stub.cs(15,32): error CS1002: ; esperado [C:\Users\Usuário\Downloads\Roblox-2013-novetus-site\Assemblies\Platform\Membership\Roblox.Platform.Membership\Roblox.Platform.Membership.csproj]
  Stub.cs(15,39): error CS1519: Token ')' inválido na declaração de membro class, struct ou interface [C:\Users\Usuário\Downloads\Roblox-2013-novetus-site\Assemblies\Platform\Membership\Roblox.Platform.Membership\Roblox.Platform.Membership.csproj]
  Stub.cs(15,56): error CS1519: Token ';' inválido na declaração de membro class, struct ou interface [C:\Users\Usuário\Downloads\Roblox-2013-novetus-site\Assemblies\Platform\Membership\Roblox.Platform.Membership\Roblox.Platform.Membership.csproj]


"C:\Users\Usuário\Downloads\Roblox-2013-novetus-site\RobloxWebSite.sln" (destino padrão) (1) ->
"C:\Users\Usuário\Downloads\Roblox-2013-novetus-site\Assemblies\Platform\Roles\Roblox.Platform.Roles\Roblox.Platform.Roles.csproj" (destino padrão) (41) ->
  Stub.cs(2,23): error CS0234: O nome do namespace ou o tipo 'Membership' não existe no namespace 'Roblox.Platform'. Precisa de uma referência de assembly? [C:\Users\Usuário\Downloads\Roblox-2013-novetus-site\Assemblies\Platform\Roles\Roblox.Platform.Roles\Roblox.Platform.Roles.csproj]
  Stub.cs(22,16): error CS0246: O nome de namespace ou o tipo 'IRoleSetValidator' não pôde ser encontrado. Precisa de uma diretiva using ou de uma referência de assembly? [C:\Users\Usuário\Downloads\Roblox-2013-novetus-site\Assemblies\Platform\Roles\Roblox.Platform.Roles\Roblox.Platform.Roles.csproj]


"C:\Users\Usuário\Downloads\Roblox-2013-novetus-site\RobloxWebSite.sln" (destino padrão) (1) ->
"C:\Users\Usuário\Downloads\Roblox-2013-novetus-site\Assemblies\Platform\Email\Roblox.Platform.Email\Roblox.Platform.Email.csproj" (destino padrão) (42) ->
  Stub.cs(1,23): error CS0234: O nome do namespace ou o tipo 'Membership' não existe no namespace 'Roblox.Platform'. Precisa de uma referência de assembly? [C:\Users\Usuário\Downloads\Roblox-2013-novetus-site\Assemblies\Platform\Email\Roblox.Platform.Email\Roblox.Platform.Email.csproj]
  Stub.cs(18,39): error CS0246: O nome de namespace ou o tipo 'IUser' não pôde ser encontrado. Precisa de uma diretiva using ou de uma referência de assembly? [C:\Users\Usuário\Downloads\Roblox-2013-novetus-site\Assemblies\Platform\Email\Roblox.Platform.Email\Roblox.Platform.Email.csproj]


"C:\Users\Usuário\Downloads\Roblox-2013-novetus-site\RobloxWebSite.sln" (destino padrão) (1) ->
"C:\Users\Usuário\Downloads\Roblox-2013-novetus-site\Assemblies\Users\Roblox.Users\Roblox.Users.csproj" (destino padrão) (53) ->
  Stub.cs(9,40): error CS1002: ; esperado [C:\Users\Usuário\Downloads\Roblox-2013-novetus-site\Assemblies\Users\Roblox.Users\Roblox.Users.csproj]
  Stub.cs(9,61): error CS1519: Token '{' inválido na declaração de membro class, struct ou interface [C:\Users\Usuário\Downloads\Roblox-2013-novetus-site\Assemblies\Users\Roblox.Users\Roblox.Users.csproj]
  Stub.cs(9,69): error CS1519: Token '=' inválido na declaração de membro class, struct ou interface [C:\Users\Usuário\Downloads\Roblox-2013-novetus-site\Assemblies\Users\Roblox.Users\Roblox.Users.csproj]
  Stub.cs(9,80): error CS1519: Token '=' inválido na declaração de membro class, struct ou interface [C:\Users\Usuário\Downloads\Roblox-2013-novetus-site\Assemblies\Users\Roblox.Users\Roblox.Users.csproj]
  Stub.cs(10,23): error CS1518: Class, delegate, enum, interface ou struct esperado [C:\Users\Usuário\Downloads\Roblox-2013-novetus-site\Assemblies\Users\Roblox.Users\Roblox.Users.csproj]
  Stub.cs(10,61): error CS1518: Class, delegate, enum, interface ou struct esperado [C:\Users\Usuário\Downloads\Roblox-2013-novetus-site\Assemblies\Users\Roblox.Users\Roblox.Users.csproj]
  Stub.cs(21,55): error CS1002: ; esperado [C:\Users\Usuário\Downloads\Roblox-2013-novetus-site\Assemblies\Users\Roblox.Users\Roblox.Users.csproj]
  Stub.cs(21,70): error CS1519: Token '{' inválido na declaração de membro class, struct ou interface [C:\Users\Usuário\Downloads\Roblox-2013-novetus-site\Assemblies\Users\Roblox.Users\Roblox.Users.csproj]
  Stub.cs(21,75): error CS1519: Token '=' inválido na declaração de membro class, struct ou interface [C:\Users\Usuário\Downloads\Roblox-2013-novetus-site\Assemblies\Users\Roblox.Users\Roblox.Users.csproj]
  Stub.cs(21,87): error CS1519: Token '}' inválido na declaração de membro class, struct ou interface [C:\Users\Usuário\Downloads\Roblox-2013-novetus-site\Assemblies\Users\Roblox.Users\Roblox.Users.csproj]
  Stub.cs(22,16): error CS1518: Class, delegate, enum, interface ou struct esperado [C:\Users\Usuário\Downloads\Roblox-2013-novetus-site\Assemblies\Users\Roblox.Users\Roblox.Users.csproj]
  Stub.cs(23,5): error CS1022: Definição de namespace ou tipo, ou final do arquivo esperado [C:\Users\Usuário\Downloads\Roblox-2013-novetus-site\Assemblies\Users\Roblox.Users\Roblox.Users.csproj]


"C:\Users\Usuário\Downloads\Roblox-2013-novetus-site\RobloxWebSite.sln" (destino padrão) (1) ->
"C:\Users\Usuário\Downloads\Roblox-2013-novetus-site\Assemblies\Hashing\Roblox.Hashing\Roblox.Hashing.csproj" (destino padrão) (62) ->
  Stub.cs(5,58): error CS1002: ; esperado [C:\Users\Usuário\Downloads\Roblox-2013-novetus-site\Assemblies\Hashing\Roblox.Hashing\Roblox.Hashing.csproj]
  Stub.cs(5,67): error CS1519: Token '.' inválido na declaração de membro class, struct ou interface [C:\Users\Usuário\Downloads\Roblox-2013-novetus-site\Assemblies\Hashing\Roblox.Hashing\Roblox.Hashing.csproj]
  Stub.cs(5,73): error CS1519: Token ';' inválido na declaração de membro class, struct ou interface [C:\Users\Usuário\Downloads\Roblox-2013-novetus-site\Assemblies\Hashing\Roblox.Hashing\Roblox.Hashing.csproj]

    0 Aviso(s)
    85 Erro(s)

Tempo Decorrido 00:00:01.66
